[wptf.themepul.co/rezilla/index.html]
[backblue.gif]
[fade.gif]
[index.html]
[wptf.themepul.co/rezilla/feed/index.html]
[wptf.themepul.co/rezilla/comments/feed/index.html]
[wptf.themepul.co/rezilla/wp-includes/js/jquery/jquery.minf43b.js]
[wptf.themepul.co/rezilla/wp-includes/js/jquery/jquery-migrate.min5589.js]
[wptf.themepul.co/rezilla/wp-json/index.html]
[wptf.themepul.co/rezilla/wp-json/wp/v2/pages/51.json]
[wptf.themepul.co/rezilla/xmlrpc0db0.php]
[wptf.themepul.co/rezilla/wp-json/oembed/1.0/embed90da.json]
[wptf.themepul.co/rezilla/wp-json/oembed/1.0/embed7ff3]
[wptf.themepul.co/rezilla/wp-content/uploads/2022/09/title-bg.png]
[wptf.themepul.co/rezilla/wp-content/uploads/2022/08/client-l-1.png]
[wptf.themepul.co/rezilla/home-2/index.html]
[wptf.themepul.co/rezilla/home-3/index.html]
[wptf.themepul.co/rezilla/about-us/index.html]
[wptf.themepul.co/rezilla/wp-content/uploads/2022/08/client-l-2.png]
[wptf.themepul.co/rezilla/services/index.html]
[wptf.themepul.co/rezilla/services/customer-support/index.html]
[wptf.themepul.co/rezilla/services/perfect-strategy/index.html]
[wptf.themepul.co/rezilla/wp-content/uploads/2022/08/client-l-3.png]
[wptf.themepul.co/rezilla/services/saas-development/index.html]
[wptf.themepul.co/rezilla/services/ui-ux-branding/index.html]
[wptf.themepul.co/rezilla/wp-content/uploads/2022/08/client-l-4.png]
[wptf.themepul.co/rezilla/services/web-customization/index.html]
[wptf.themepul.co/rezilla/faq/index.html]
[wptf.themepul.co/rezilla/wp-content/uploads/2022/08/client-l-5.png]
[wptf.themepul.co/rezilla/pricing/index.html]
[wptf.themepul.co/rezilla/team/index.html]
[wptf.themepul.co/rezilla/testimonial/index.html]
[wptf.themepul.co/rezilla/wp-content/uploads/2022/08/client-l-6.png]
[wptf.themepul.co/rezilla/blog/index.html]
[wptf.themepul.co/rezilla/consulting-reporting-could-group-business-people/index.html]
[wptf.themepul.co/rezilla/contact-us/index.html]
[wptf.themepul.co/rezilla/wp-content/uploads/2023/01/about-1.png]
[wptf.themepul.co/rezilla/wp-content/uploads/2022/09/team-update-2.jpg]
[wptf.themepul.co/rezilla/wp-content/uploads/2022/09/team-update.jpg]
[wptf.themepul.co/rezilla/wp-content/uploads/2022/09/team-update-5.jpg]
[wptf.themepul.co/rezilla/wp-content/uploads/2023/01/Group-8199.png]
[wptf.themepul.co/rezilla/wp-content/uploads/2022/08/blog-1.jpg]
[wptf.themepul.co/rezilla/wp-content/uploads/2022/08/blog-2.jpg]
[wptf.themepul.co/rezilla/author/rezilla/index.html]
[wptf.themepul.co/rezilla/how-to-build-and-launch-powerful-responsive-a-websites-with-editor/index.html]
[wptf.themepul.co/rezilla/wp-content/uploads/2022/08/blog-3.jpg]
[wptf.themepul.co/rezilla/people-taking-part-in-colleagues-having-fun-a-business-event/index.html]
[wptf.themepul.co/rezilla/wp-content/uploads/2022/08/blog-8-150x150.jpg]
[wptf.themepul.co/rezilla/wp-content/uploads/2022/08/blog-7-150x150.jpg]
[wptf.themepul.co/rezilla/wp-content/plugins/contact-form-7/includes/swv/js/index38d6.js]
[wptf.themepul.co/rezilla/business-people-working-together-for-grow-our-company/index.html]
[wptf.themepul.co/rezilla/technology-connection-as-online-networking-part-of-company/index.html]
[wptf.themepul.co/rezilla/wp-content/plugins/contact-form-7/includes/js/index38d6.js]
[wptf.themepul.co/rezilla/wp-content/plugins/rezillacore/assets/js/count-to68b3.js]
[wptf.themepul.co/rezilla/wp-content/plugins/rezillacore/assets/js/jquery-appear68b3.js]
[wptf.themepul.co/rezilla/wp-content/plugins/rezillacore/assets/js/isotop-min039c.js]
[wptf.themepul.co/rezilla/wp-content/plugins/rezillacore/assets/js/owldc8c.js]
[wptf.themepul.co/rezilla/wp-content/themes/rezilla/assets/bootstrap/popper-mina5bf.js]
[wptf.themepul.co/rezilla/wp-content/themes/rezilla/assets/bootstrap/bootstrap-mina5bf.js]
[wptf.themepul.co/rezilla/wp-content/themes/rezilla/assets/popup/jquery-magnific-popup-mina5bf.js]
[wptf.themepul.co/rezilla/wp-content/themes/rezilla/assets/menu/stellarnav-mina5bf.js]
[wptf.themepul.co/rezilla/wp-content/themes/rezilla/assets/slick/slick-mina5bf.js]
[wptf.themepul.co/rezilla/wp-content/themes/rezilla/assets/js/themea5bf.js]
[wptf.themepul.co/rezilla/wp-content/plugins/mailchimp-for-wp/assets/js/forms433d.js]
[wptf.themepul.co/rezilla/wp-content/plugins/elementor/assets/js/webpack.runtime.min34a7.js]
[wptf.themepul.co/rezilla/wp-content/plugins/elementor/assets/js/frontend-modules.min34a7.js]
[wptf.themepul.co/rezilla/wp-content/plugins/elementor/assets/lib/waypoints/waypoints.min05da.js]
[wptf.themepul.co/rezilla/wp-includes/js/jquery/ui/core.min3f14.js]
[wptf.themepul.co/rezilla/wp-content/plugins/elementor/assets/js/frontend.min34a7.js]
[wptf.themepul.co/rezilla/wp-content/plugins/rezillacore/elementor-widgets/control/shape8a54.js]
[wptf.themepul.co/rezilla/index.html]
[wptf.themepul.co/rezilla/wp-content/plugins/contact-form-7/includes/css/styles38d6.css]
[wptf.themepul.co/rezilla/wp-content/themes/rezilla/assets/bootstrap/bootstrap-mina5bf.css]
[wptf.themepul.co/rezilla/wp-content/themes/rezilla/assets/bootstrap/bootstrap-rtl-mina5bf.css]
[wptf.themepul.co/rezilla/wp-content/themes/rezilla/fonts/bootstrap-iconse36a.woff2]
[wptf.themepul.co/rezilla/wp-content/themes/rezilla/fonts/bootstrap-iconse36a.woff]
[wptf.themepul.co/rezilla/wp-content/themes/rezilla/assets/bootstrap/bootstrap-iconsa5bf.css]
[wptf.themepul.co/rezilla/wp-content/themes/rezilla/fonts/fa-brands-400.woff2]
[wptf.themepul.co/rezilla/wp-content/themes/rezilla/fonts/fa-brands-400.woff]
[wptf.themepul.co/rezilla/wp-content/themes/rezilla/fonts/fa-regular-400.woff2]
[wptf.themepul.co/rezilla/wp-content/themes/rezilla/fonts/fa-regular-400.woff]
[wptf.themepul.co/rezilla/wp-content/themes/rezilla/fonts/fa-solid-900.woff2]
[wptf.themepul.co/rezilla/wp-content/themes/rezilla/fonts/fa-solid-900.woff]
[wptf.themepul.co/rezilla/wp-content/themes/rezilla/assets/css/fontawesome-alla5bf.css]
[wptf.themepul.co/rezilla/wp-content/themes/rezilla/assets/popup/magnific-popupa5bf.css]
[wptf.themepul.co/rezilla/wp-content/themes/rezilla/assets/slick/slicka5bf.css]
[wptf.themepul.co/rezilla/wp-content/themes/rezilla/assets/css/unitesta5bf.css]
[wptf.themepul.co/rezilla/wp-content/plugins/rezillacore/assets/fonts/iconfontcac6.woff]
[wptf.themepul.co/rezilla/wp-content/plugins/rezillacore/assets/css/iconfont8a54.css]
[wptf.themepul.co/rezilla/wp-content/plugins/rezillacore/assets/fonts/Flaticon.woff2]
[wptf.themepul.co/rezilla/wp-content/plugins/rezillacore/assets/fonts/Flaticon.woff]
[wptf.themepul.co/rezilla/wp-content/plugins/rezillacore/assets/css/flaticon8a54.css]
[wptf.themepul.co/rezilla/wp-content/plugins/rezillacore/assets/css/owl.video.play.4d.delayed]
[wptf.themepul.co/rezilla/wp-content/plugins/rezillacore/assets/images/cross-out.4e.delayed]
[wptf.themepul.co/rezilla/wp-content/plugins/rezillacore/assets/css/owl3601.css]
[wptf.themepul.co/rezilla/wp-content/plugins/rezillacore/assets/css/animate-min3601.css]
[wptf.themepul.co/rezilla/wp-content/themes/rezilla/assets/css/themea5bf.css]
[wptf.themepul.co/rezilla/wp-content/plugins/rezillacore/assets/img/pricing-2.png]
[wptf.themepul.co/rezilla/wp-content/plugins/rezillacore/assets/css/custom-widgets8a54.css]
[wptf.themepul.co/rezilla/wp-content/themes/rezilla/assets/menu/stellarnav-mina5bf.css]
[wptf.themepul.co/rezilla/wp-content/themes/rezilla/stylea5bf.css]
[wptf.themepul.co/rezilla/wp-content/plugins/elementor/assets/lib/eicons/fonts/eiconsb39f.eot]
[wptf.themepul.co/rezilla/wp-content/plugins/elementor/assets/lib/eicons/fonts/eiconsb39f.woff2]
[wptf.themepul.co/rezilla/wp-content/plugins/elementor/assets/lib/eicons/fonts/eiconsb39f.woff]
[wptf.themepul.co/rezilla/wp-content/plugins/elementor/assets/lib/eicons/fonts/eiconsb39f.ttf]
[wptf.themepul.co/rezilla/wp-content/plugins/elementor/assets/lib/eicons/css/elementor-icons.min50c3.css]
[wptf.themepul.co/rezilla/wp-content/uploads/elementor/css/custom-frontend-lite.minf793.css]
[wptf.themepul.co/rezilla/wp-content/plugins/elementor/assets/lib/swiper/css/swiper.min48f5.css]
[wptf.themepul.co/rezilla/wp-content/uploads/elementor/css/post-655fb.css]
[wptf.themepul.co/rezilla/wp-content/uploads/elementor/css/global6542.css]
[wptf.themepul.co/rezilla/wp-content/uploads/2023/01/Dashboard.png]
[wptf.themepul.co/rezilla/wp-content/uploads/2022/08/counter-bg.png]
[wptf.themepul.co/rezilla/wp-content/uploads/2022/08/faq-bg.png]
[wptf.themepul.co/rezilla/wp-content/uploads/2023/01/video.png]
[wptf.themepul.co/rezilla/wp-content/uploads/2023/01/Shape.png]
[wptf.themepul.co/rezilla/wp-content/uploads/2022/08/newsletter-ng.png]
[wptf.themepul.co/rezilla/wp-content/uploads/2022/08/Hero-Banner@2x-scaled.jpg]
[wptf.themepul.co/rezilla/wp-content/uploads/elementor/css/post-512cbc.css]
[wptf.themepul.co/rezilla/wp-content/uploads/2022/09/1_logo.svg]
[wptf.themepul.co/rezilla/wp-json/wp/v2/pages/335.json]
[wptf.themepul.co/rezilla/wp-json/oembed/1.0/embed295c.json]
[wptf.themepul.co/rezilla/wp-json/oembed/1.0/embed0131]
[wptf.themepul.co/rezilla/wp-content/uploads/2022/08/group1.png]
[wptf.themepul.co/rezilla/wp-content/uploads/2022/08/group2.png]
[wptf.themepul.co/rezilla/wp-content/uploads/2022/08/payment.png]
[wptf.themepul.co/rezilla/wp-content/uploads/2022/09/team-7.png]
[wptf.themepul.co/rezilla/wp-content/uploads/2022/09/team-6.png]
[wptf.themepul.co/rezilla/rezilla-team/lauren-devid/index.html]
[wptf.themepul.co/rezilla/wp-content/uploads/2022/09/team-5.png]
[wptf.themepul.co/rezilla/rezilla-team/lurch-schpel/index.html]
[wptf.themepul.co/rezilla/wp-content/uploads/2022/09/team-8.png]
[wptf.themepul.co/rezilla/rezilla-team/jason-response/index.html]
[wptf.themepul.co/rezilla/wp-content/uploads/2022/08/blog-8.jpg]
[wptf.themepul.co/rezilla/wp-content/uploads/2022/08/blog-7.jpg]
[wptf.themepul.co/rezilla/rezilla-team/norman-gordon/index.html]
[wptf.themepul.co/rezilla/wp-content/uploads/2022/08/blog-6.jpg]
[wptf.themepul.co/rezilla/wp-content/uploads/2022/09/newsletter-icon.png]
[wptf.themepul.co/rezilla/handicapped-woman-entre-preneur-with-locomotor-branch/index.html]
[wptf.themepul.co/rezilla/wp-content/themes/rezilla/assets/bootstrap/popper-min085e.js]
[wptf.themepul.co/rezilla/wp-content/themes/rezilla/assets/bootstrap/bootstrap-min085e.js]
[wptf.themepul.co/rezilla/wp-content/themes/rezilla/assets/popup/jquery-magnific-popup-min085e.js]
[wptf.themepul.co/rezilla/wp-content/themes/rezilla/assets/menu/stellarnav-min085e.js]
[wptf.themepul.co/rezilla/wp-content/themes/rezilla/assets/slick/slick-min085e.js]
[wptf.themepul.co/rezilla/wp-content/themes/rezilla/assets/js/theme085e.js]
[wptf.themepul.co/rezilla/home-2/index.html]
[wptf.themepul.co/rezilla/wp-json/wp/v2/pages/614.json]
[wptf.themepul.co/rezilla/wp-json/oembed/1.0/embedab78.json]
[wptf.themepul.co/rezilla/wp-json/oembed/1.0/embede84d]
[wptf.themepul.co/rezilla/wp-content/uploads/2022/09/hero-desh.png]
[wptf.themepul.co/rezilla/wp-content/uploads/2023/02/Dashboard.png]
[wptf.themepul.co/rezilla/wp-content/uploads/2022/09/skill-img.png]
[wptf.themepul.co/rezilla/wp-content/uploads/2022/09/Add-your-image-here.jpg]
[wptf.themepul.co/rezilla/wp-content/uploads/2022/09/team-update-233x300.jpg]
[wptf.themepul.co/rezilla/wp-content/uploads/2022/09/team-update-2-233x300.jpg]
[wptf.themepul.co/rezilla/home-3/index.html]
[wptf.themepul.co/rezilla/wp-json/wp/v2/pages/57.json]
[wptf.themepul.co/rezilla/wp-json/oembed/1.0/embed5897.json]
[wptf.themepul.co/rezilla/wp-json/oembed/1.0/embed0d1e]
[wptf.themepul.co/rezilla/wp-content/uploads/2022/09/about-4.png]
[wptf.themepul.co/rezilla/wp-content/themes/rezilla/assets/bootstrap/popper-min3012.js]
[wptf.themepul.co/rezilla/wp-content/themes/rezilla/assets/bootstrap/bootstrap-min3012.js]
[wptf.themepul.co/rezilla/wp-content/themes/rezilla/assets/popup/jquery-magnific-popup-min3012.js]
[wptf.themepul.co/rezilla/wp-content/themes/rezilla/assets/menu/stellarnav-min3012.js]
[wptf.themepul.co/rezilla/wp-content/themes/rezilla/assets/slick/slick-min3012.js]
[wptf.themepul.co/rezilla/wp-content/themes/rezilla/assets/js/theme3012.js]
[wptf.themepul.co/rezilla/about-us/index.html]
[wptf.themepul.co/rezilla/wp-json/wp/v2/pages/207.json]
[wptf.themepul.co/rezilla/wp-json/oembed/1.0/embed9f3e.json]
[wptf.themepul.co/rezilla/wp-json/oembed/1.0/embed1993]
[wptf.themepul.co/rezilla/wp-content/uploads/2022/08/about-img-768x563.png]
[wptf.themepul.co/rezilla/wp-content/uploads/2022/09/service.png]
[wptf.themepul.co/rezilla/wp-content/themes/rezilla/assets/bootstrap/popper-min1618.js]
[wptf.themepul.co/rezilla/wp-content/themes/rezilla/assets/bootstrap/bootstrap-min1618.js]
[wptf.themepul.co/rezilla/wp-content/themes/rezilla/assets/popup/jquery-magnific-popup-min1618.js]
[wptf.themepul.co/rezilla/wp-content/themes/rezilla/assets/menu/stellarnav-min1618.js]
[wptf.themepul.co/rezilla/wp-content/themes/rezilla/assets/slick/slick-min1618.js]
[wptf.themepul.co/rezilla/wp-content/themes/rezilla/assets/js/theme1618.js]
[wptf.themepul.co/rezilla/services/index.html]
[wptf.themepul.co/rezilla/wp-json/wp/v2/pages/1172.json]
[wptf.themepul.co/rezilla/wp-json/oembed/1.0/embeddeaf.json]
[wptf.themepul.co/rezilla/wp-json/oembed/1.0/embed764e]
[wptf.themepul.co/rezilla/wp-content/uploads/2022/09/single-service.png]
[wptf.themepul.co/rezilla/wp-content/uploads/2022/09/service-bs.png]
[wptf.themepul.co/rezilla/wp-content/themes/rezilla/assets/bootstrap/popper-min0ec1.js]
[wptf.themepul.co/rezilla/wp-content/themes/rezilla/assets/bootstrap/bootstrap-min0ec1.js]
[wptf.themepul.co/rezilla/wp-content/themes/rezilla/assets/popup/jquery-magnific-popup-min0ec1.js]
[wptf.themepul.co/rezilla/wp-content/themes/rezilla/assets/menu/stellarnav-min0ec1.js]
[wptf.themepul.co/rezilla/wp-content/themes/rezilla/assets/slick/slick-min0ec1.js]
[wptf.themepul.co/rezilla/wp-content/themes/rezilla/assets/js/theme0ec1.js]
[wptf.themepul.co/rezilla/services/customer-support/index.html]
[wptf.themepul.co/rezilla/wp-json/wp/v2/pages/1174.json]
[wptf.themepul.co/rezilla/wp-json/oembed/1.0/embed05c8.json]
[wptf.themepul.co/rezilla/wp-json/oembed/1.0/embede058]
[wptf.themepul.co/rezilla/wp-content/themes/rezilla/assets/bootstrap/popper-min5495.js]
[wptf.themepul.co/rezilla/wp-content/themes/rezilla/assets/bootstrap/bootstrap-min5495.js]
[wptf.themepul.co/rezilla/wp-content/themes/rezilla/assets/popup/jquery-magnific-popup-min5495.js]
[wptf.themepul.co/rezilla/wp-content/themes/rezilla/assets/menu/stellarnav-min5495.js]
[wptf.themepul.co/rezilla/wp-content/themes/rezilla/assets/slick/slick-min5495.js]
[wptf.themepul.co/rezilla/wp-content/themes/rezilla/assets/js/theme5495.js]
[wptf.themepul.co/rezilla/services/perfect-strategy/index.html]
[wptf.themepul.co/rezilla/wp-json/wp/v2/pages/1176.json]
[wptf.themepul.co/rezilla/wp-json/oembed/1.0/embed726a.json]
[wptf.themepul.co/rezilla/wp-json/oembed/1.0/embedab01]
[wptf.themepul.co/rezilla/wp-content/themes/rezilla/assets/bootstrap/popper-min0aaf.js]
[wptf.themepul.co/rezilla/wp-content/themes/rezilla/assets/bootstrap/bootstrap-min0aaf.js]
[wptf.themepul.co/rezilla/wp-content/themes/rezilla/assets/popup/jquery-magnific-popup-min0aaf.js]
[wptf.themepul.co/rezilla/wp-content/themes/rezilla/assets/menu/stellarnav-min0aaf.js]
[wptf.themepul.co/rezilla/wp-content/themes/rezilla/assets/slick/slick-min0aaf.js]
[wptf.themepul.co/rezilla/wp-content/themes/rezilla/assets/js/theme0aaf.js]
[wptf.themepul.co/rezilla/services/saas-development/index.html]
[wptf.themepul.co/rezilla/wp-json/wp/v2/pages/1178.json]
[wptf.themepul.co/rezilla/wp-json/oembed/1.0/embede2c8.json]
[wptf.themepul.co/rezilla/wp-json/oembed/1.0/embed83c6]
[wptf.themepul.co/rezilla/wp-content/themes/rezilla/assets/bootstrap/popper-mind754.js]
[wptf.themepul.co/rezilla/wp-content/themes/rezilla/assets/bootstrap/bootstrap-mind754.js]
[wptf.themepul.co/rezilla/wp-content/themes/rezilla/assets/popup/jquery-magnific-popup-mind754.js]
[wptf.themepul.co/rezilla/wp-content/themes/rezilla/assets/menu/stellarnav-mind754.js]
[wptf.themepul.co/rezilla/wp-content/themes/rezilla/assets/slick/slick-mind754.js]
[wptf.themepul.co/rezilla/wp-content/themes/rezilla/assets/js/themed754.js]
[wptf.themepul.co/rezilla/services/ui-ux-branding/index.html]
[wptf.themepul.co/rezilla/wp-json/wp/v2/pages/209.json]
[wptf.themepul.co/rezilla/wp-json/oembed/1.0/embed7531.json]
[wptf.themepul.co/rezilla/wp-json/oembed/1.0/embed6eb1]
[wptf.themepul.co/rezilla/services/web-customization/index.html]
[wptf.themepul.co/rezilla/wp-json/wp/v2/pages/1262.json]
[wptf.themepul.co/rezilla/wp-json/oembed/1.0/embedf1d4.json]
[wptf.themepul.co/rezilla/wp-json/oembed/1.0/embed6c8c]
[wptf.themepul.co/rezilla/wp-content/themes/rezilla/assets/bootstrap/popper-mindead.js]
[wptf.themepul.co/rezilla/wp-content/themes/rezilla/assets/bootstrap/bootstrap-mindead.js]
[wptf.themepul.co/rezilla/wp-content/themes/rezilla/assets/popup/jquery-magnific-popup-mindead.js]
[wptf.themepul.co/rezilla/wp-content/themes/rezilla/assets/menu/stellarnav-mindead.js]
[wptf.themepul.co/rezilla/wp-content/themes/rezilla/assets/slick/slick-mindead.js]
[wptf.themepul.co/rezilla/wp-content/themes/rezilla/assets/js/themedead.js]
[wptf.themepul.co/rezilla/faq/index.html]
[wptf.themepul.co/rezilla/wp-json/wp/v2/pages/1184.json]
[wptf.themepul.co/rezilla/wp-json/oembed/1.0/embed0bb8.json]
[wptf.themepul.co/rezilla/wp-json/oembed/1.0/embed364c]
[wptf.themepul.co/rezilla/wp-content/themes/rezilla/assets/bootstrap/popper-min73ac.js]
[wptf.themepul.co/rezilla/wp-content/themes/rezilla/assets/bootstrap/bootstrap-min73ac.js]
[wptf.themepul.co/rezilla/wp-content/themes/rezilla/assets/popup/jquery-magnific-popup-min73ac.js]
[wptf.themepul.co/rezilla/wp-content/themes/rezilla/assets/menu/stellarnav-min73ac.js]
[wptf.themepul.co/rezilla/wp-content/themes/rezilla/assets/slick/slick-min73ac.js]
[wptf.themepul.co/rezilla/wp-content/themes/rezilla/assets/js/theme73ac.js]
[wptf.themepul.co/rezilla/pricing/index.html]
[wptf.themepul.co/rezilla/wp-json/wp/v2/pages/1248.json]
[wptf.themepul.co/rezilla/wp-json/oembed/1.0/embed1586.json]
[wptf.themepul.co/rezilla/wp-json/oembed/1.0/embed681c]
[wptf.themepul.co/rezilla/wp-content/uploads/2022/08/team-1.png]
[wptf.themepul.co/rezilla/wp-content/uploads/2022/09/team-2.png]
[wptf.themepul.co/rezilla/rezilla-team/daniella-rhodes/index.html]
[wptf.themepul.co/rezilla/wp-content/uploads/2022/09/team-3.png]
[wptf.themepul.co/rezilla/rezilla-team/david-phillips/index.html]
[wptf.themepul.co/rezilla/wp-content/uploads/2022/09/team-4.png]
[wptf.themepul.co/rezilla/rezilla-team/lauren-davison/index.html]
[wptf.themepul.co/rezilla/wp-content/themes/rezilla/assets/bootstrap/popper-minf130.js]
[wptf.themepul.co/rezilla/rezilla-team/lauren-davison-2/index.html]
[wptf.themepul.co/rezilla/wp-content/themes/rezilla/assets/bootstrap/bootstrap-minf130.js]
[wptf.themepul.co/rezilla/rezilla-team/benjamin-evalent/index.html]
[wptf.themepul.co/rezilla/wp-content/themes/rezilla/assets/popup/jquery-magnific-popup-minf130.js]
[wptf.themepul.co/rezilla/wp-content/themes/rezilla/assets/menu/stellarnav-minf130.js]
[wptf.themepul.co/rezilla/wp-content/themes/rezilla/assets/slick/slick-minf130.js]
[wptf.themepul.co/rezilla/wp-content/themes/rezilla/assets/js/themef130.js]
[wptf.themepul.co/rezilla/team/index.html]
[wptf.themepul.co/rezilla/wp-json/wp/v2/pages/1284.json]
[wptf.themepul.co/rezilla/wp-json/oembed/1.0/embed0f3f.json]
[wptf.themepul.co/rezilla/wp-json/oembed/1.0/embed8a06]
[wptf.themepul.co/rezilla/wp-content/uploads/2022/09/team-update-3.jpg]
[wptf.themepul.co/rezilla/wp-content/uploads/2022/09/team-update-6.jpg]
[wptf.themepul.co/rezilla/wp-content/uploads/2022/09/team-update-4.jpg]
[wptf.themepul.co/rezilla/wp-content/themes/rezilla/assets/bootstrap/popper-min3857.js]
[wptf.themepul.co/rezilla/wp-content/themes/rezilla/assets/bootstrap/bootstrap-min3857.js]
[wptf.themepul.co/rezilla/wp-content/themes/rezilla/assets/popup/jquery-magnific-popup-min3857.js]
[wptf.themepul.co/rezilla/wp-content/themes/rezilla/assets/menu/stellarnav-min3857.js]
[wptf.themepul.co/rezilla/wp-content/themes/rezilla/assets/slick/slick-min3857.js]
[wptf.themepul.co/rezilla/wp-content/themes/rezilla/assets/js/theme3857.js]
[wptf.themepul.co/rezilla/testimonial/index.html]
[wptf.themepul.co/rezilla/wp-content/uploads/2022/08/blog-8-850x450.jpg]
[wptf.themepul.co/rezilla/wp-content/uploads/2022/08/blog-5-850x450.jpg]
[wptf.themepul.co/rezilla/wp-content/uploads/2022/08/blog-4-850x450.jpg]
[wptf.themepul.co/rezilla/wp-content/uploads/2022/08/blog-3-850x450.jpg]
[wptf.themepul.co/rezilla/wp-content/uploads/2022/08/blog-6-850x450.jpg]
[wptf.themepul.co/rezilla/wp-content/uploads/2022/08/blog-full-850x450.jpg]
[wptf.themepul.co/rezilla/wp-content/uploads/2022/08/blog-1-150x150.jpg]
[wptf.themepul.co/rezilla/businessman-in-wheelchair-looking-at-analysis-on-laptop/index.html]
[wptf.themepul.co/rezilla/the-belgian-exodus-of-world-war-one-of-the-most-part-of-tech/index.html]
[wptf.themepul.co/rezilla/blog/page/2/index.html]
[wptf.themepul.co/rezilla/wp-content/uploads/2022/08/blog-2-150x150.jpg]
[wptf.themepul.co/rezilla/wp-content/uploads/2022/08/blog-3-150x150.jpg]
[wptf.themepul.co/rezilla/wp-login.html]
[wptf.themepul.co/rezilla/tag/analysis/index.html]
[wptf.themepul.co/rezilla/tag/business/index.html]
[wptf.themepul.co/rezilla/tag/best/index.html]
[wptf.themepul.co/rezilla/wp-content/themes/rezilla/assets/bootstrap/popper-min687c.js]
[wptf.themepul.co/rezilla/tag/event/index.html]
[wptf.themepul.co/rezilla/tag/exodus/index.html]
[wptf.themepul.co/rezilla/tag/fun/index.html]
[wptf.themepul.co/rezilla/tag/restly/index.html]
[wptf.themepul.co/rezilla/wp-content/themes/rezilla/assets/bootstrap/bootstrap-min687c.js]
[wptf.themepul.co/rezilla/tag/startup/index.html]
[wptf.themepul.co/rezilla/tag/success/index.html]
[wptf.themepul.co/rezilla/tag/rezilla/index.html]
[wptf.themepul.co/rezilla/wp-content/themes/rezilla/assets/popup/jquery-magnific-popup-min687c.js]
[wptf.themepul.co/rezilla/tag/taking/index.html]
[wptf.themepul.co/rezilla/tag/tech/index.html]
[wptf.themepul.co/rezilla/wp-content/themes/rezilla/assets/menu/stellarnav-min687c.js]
[wptf.themepul.co/rezilla/tag/techno/index.html]
[wptf.themepul.co/rezilla/tag/theme/index.html]
[wptf.themepul.co/rezilla/tag/woman/index.html]
[wptf.themepul.co/rezilla/wp-content/themes/rezilla/assets/slick/slick-min687c.js]
[wptf.themepul.co/rezilla/wp-content/themes/rezilla/assets/js/theme687c.js]
[wptf.themepul.co/rezilla/blog/index.html]
[wptf.themepul.co/rezilla/wp-json/wp/v2/posts/31.json]
[wptf.themepul.co/rezilla/consulting-reporting-could-group-business-people/feed/index.html]
[wptf.themepul.co/rezilla/wp-json/oembed/1.0/embed4376.json]
[wptf.themepul.co/rezilla/wp-json/oembed/1.0/embedbdcb]
[wptf.themepul.co/rezilla/wp-content/uploads/2022/08/blog-5.jpg]
[wptf.themepul.co/rezilla/category/business/index.html]
[wptf.themepul.co/rezilla/wp-includes/js/comment-reply.min84fc.js]
[wptf.themepul.co/rezilla/consulting-reporting-could-group-business-people/index.html]
[wptf.themepul.co/rezilla/wp-json/wp/v2/pages/59.json]
[wptf.themepul.co/rezilla/wp-json/oembed/1.0/embedeaa9.json]
[wptf.themepul.co/rezilla/wp-json/oembed/1.0/embed6ad3]
[wptf.themepul.co/rezilla/wp-content/uploads/2022/09/Illustration.png]
[wptf.themepul.co/rezilla/wp-content/themes/rezilla/assets/bootstrap/popper-minf234.js]
[wptf.themepul.co/rezilla/wp-content/themes/rezilla/assets/bootstrap/bootstrap-minf234.js]
[wptf.themepul.co/rezilla/wp-content/themes/rezilla/assets/popup/jquery-magnific-popup-minf234.js]
[wptf.themepul.co/rezilla/wp-content/themes/rezilla/assets/menu/stellarnav-minf234.js]
[wptf.themepul.co/rezilla/wp-content/themes/rezilla/assets/slick/slick-minf234.js]
[wptf.themepul.co/rezilla/wp-content/themes/rezilla/assets/js/themef234.js]
[wptf.themepul.co/rezilla/contact-us/index.html]
[wptf.themepul.co/rezilla/author/rezilla/feed/index.html]
[wptf.themepul.co/rezilla/wp-json/wp/v2/users/1.json]
[wptf.themepul.co/rezilla/wp-content/themes/rezilla/assets/bootstrap/popper-min0022.js]
[wptf.themepul.co/rezilla/author/rezilla/page/2/index.html]
[wptf.themepul.co/rezilla/wp-content/themes/rezilla/assets/bootstrap/bootstrap-min0022.js]
[wptf.themepul.co/rezilla/wp-content/themes/rezilla/assets/popup/jquery-magnific-popup-min0022.js]
[wptf.themepul.co/rezilla/wp-content/themes/rezilla/assets/menu/stellarnav-min0022.js]
[wptf.themepul.co/rezilla/wp-content/themes/rezilla/assets/slick/slick-min0022.js]
[wptf.themepul.co/rezilla/wp-content/themes/rezilla/assets/js/theme0022.js]
[wptf.themepul.co/rezilla/author/rezilla/index.html]
[wptf.themepul.co/rezilla/wp-json/wp/v2/posts/18.json]
[wptf.themepul.co/rezilla/how-to-build-and-launch-powerful-responsive-a-websites-with-editor/feed/index.html]
[wptf.themepul.co/rezilla/wp-json/oembed/1.0/embed4967.json]
[wptf.themepul.co/rezilla/wp-json/oembed/1.0/embed7edb]
[wptf.themepul.co/rezilla/how-to-build-and-launch-powerful-responsive-a-websites-with-editor/index.html]
[wptf.themepul.co/rezilla/people-taking-part-in-colleagues-having-fun-a-business-event/feed/index.html]
[wptf.themepul.co/rezilla/category/technology/index.html]
[wptf.themepul.co/rezilla/wp-json/wp/v2/posts/34.json]
[wptf.themepul.co/rezilla/wp-json/oembed/1.0/embed6db3.json]
[wptf.themepul.co/rezilla/wp-json/oembed/1.0/embedc21a]
[wptf.themepul.co/rezilla/wp-content/themes/rezilla/assets/bootstrap/popper-min844a.js]
[wptf.themepul.co/rezilla/category/event/index.html]
[wptf.themepul.co/rezilla/wp-content/themes/rezilla/assets/bootstrap/bootstrap-min844a.js]
[wptf.themepul.co/rezilla/wp-content/themes/rezilla/assets/popup/jquery-magnific-popup-min844a.js]
[wptf.themepul.co/rezilla/wp-content/themes/rezilla/assets/menu/stellarnav-min844a.js]
[wptf.themepul.co/rezilla/wp-content/themes/rezilla/assets/slick/slick-min844a.js]
[wptf.themepul.co/rezilla/wp-content/themes/rezilla/assets/js/theme844a.js]
[wptf.themepul.co/rezilla/people-taking-part-in-colleagues-having-fun-a-business-event/index.html]
[wptf.themepul.co/rezilla/wp-content/uploads/2022/09/Logo-2-3.svg]
[wptf.themepul.co/rezilla/business-people-working-together-for-grow-our-company/feed/index.html]
[wptf.themepul.co/rezilla/wp-json/wp/v2/posts/45.json]
[wptf.themepul.co/rezilla/wp-json/oembed/1.0/embede82a.json]
[wptf.themepul.co/rezilla/wp-json/oembed/1.0/embedd5f5]
[wptf.themepul.co/rezilla/wp-content/themes/rezilla/assets/bootstrap/popper-min8690.js]
[wptf.themepul.co/rezilla/category/analysis/index.html]
[wptf.themepul.co/rezilla/wp-content/themes/rezilla/assets/bootstrap/bootstrap-min8690.js]
[wptf.themepul.co/rezilla/wp-content/themes/rezilla/assets/popup/jquery-magnific-popup-min8690.js]
[wptf.themepul.co/rezilla/wp-content/themes/rezilla/assets/menu/stellarnav-min8690.js]
[wptf.themepul.co/rezilla/wp-content/themes/rezilla/assets/slick/slick-min8690.js]
[wptf.themepul.co/rezilla/wp-content/themes/rezilla/assets/js/theme8690.js]
[wptf.themepul.co/rezilla/business-people-working-together-for-grow-our-company/index.html]
[wptf.themepul.co/rezilla/technology-connection-as-online-networking-part-of-company/feed/index.html]
[wptf.themepul.co/rezilla/wp-json/wp/v2/posts/43.json]
[wptf.themepul.co/rezilla/wp-json/oembed/1.0/embede41f.json]
[wptf.themepul.co/rezilla/wp-json/oembed/1.0/embed11c8]
[wptf.themepul.co/rezilla/wp-content/themes/rezilla/assets/bootstrap/popper-minceb4.js]
[wptf.themepul.co/rezilla/wp-content/themes/rezilla/assets/bootstrap/bootstrap-minceb4.js]
[wptf.themepul.co/rezilla/wp-content/themes/rezilla/assets/popup/jquery-magnific-popup-minceb4.js]
[wptf.themepul.co/rezilla/wp-content/themes/rezilla/assets/menu/stellarnav-minceb4.js]
[wptf.themepul.co/rezilla/wp-content/themes/rezilla/assets/slick/slick-minceb4.js]
[wptf.themepul.co/rezilla/wp-content/themes/rezilla/assets/js/themeceb4.js]
[wptf.themepul.co/rezilla/technology-connection-as-online-networking-part-of-company/index.html]
[wptf.themepul.co/rezilla/wp-content/plugins/rezillacore/assets/css/owl.video.play.html]
[wptf.themepul.co/rezilla/wp-content/plugins/rezillacore/assets/images/cross-out.html]
[wptf.themepul.co/rezilla/wp-content/plugins/rezillacore/assets/img/testi1.svg]
[wptf.themepul.co/rezilla/wp-content/plugins/rezillacore/assets/img/testi2.svg]
[wptf.themepul.co/rezilla/wp-content/plugins/rezillacore/assets/img/pricing.svg]
[wptf.themepul.co/rezilla/wp-content/plugins/rezillacore/assets/img/dots.svg]
[wptf.themepul.co/rezilla/wp-content/plugins/elementor/assets/lib/eicons/fonts/eiconsb39f.svg]
[wptf.themepul.co/rezilla/wp-content/uploads/2023/01/banner.svg]
[wptf.themepul.co/rezilla/wp-content/themes/rezilla/assets/bootstrap/bootstrap-min085e.css]
[wptf.themepul.co/rezilla/wp-content/themes/rezilla/assets/bootstrap/bootstrap-rtl-min085e.css]
[wptf.themepul.co/rezilla/wp-content/themes/rezilla/assets/bootstrap/bootstrap-icons085e.css]
[wptf.themepul.co/rezilla/wp-content/themes/rezilla/assets/css/fontawesome-all085e.css]
[wptf.themepul.co/rezilla/wp-content/themes/rezilla/assets/popup/magnific-popup085e.css]
[wptf.themepul.co/rezilla/wp-content/themes/rezilla/assets/slick/slick085e.css]
[wptf.themepul.co/rezilla/wp-content/themes/rezilla/assets/css/unitest085e.css]
[wptf.themepul.co/rezilla/wp-content/themes/rezilla/assets/css/theme085e.css]
[wptf.themepul.co/rezilla/wp-content/themes/rezilla/assets/menu/stellarnav-min085e.css]
[wptf.themepul.co/rezilla/wp-content/themes/rezilla/style085e.css]
[wptf.themepul.co/rezilla/wp-content/uploads/2022/08/hero2.jpg]
[wptf.themepul.co/rezilla/wp-content/uploads/2023/02/heor-2.png]
[wptf.themepul.co/rezilla/wp-content/uploads/2022/08/group1-bg.png]
[wptf.themepul.co/rezilla/wp-content/uploads/2022/08/Group-2251.png]
[wptf.themepul.co/rezilla/wp-content/uploads/2022/08/pricing-bg.png]
[wptf.themepul.co/rezilla/wp-content/uploads/2022/09/blog-bg.jpg]
[wptf.themepul.co/rezilla/wp-content/uploads/2022/09/newslette4rbg.png]
[wptf.themepul.co/rezilla/wp-content/uploads/elementor/css/post-3356838.css]
[wptf.themepul.co/rezilla/wp-content/plugins/elementor/assets/lib/font-awesome/css/fontawesome.min52d5.css]
[wptf.themepul.co/rezilla/wp-content/plugins/elementor/assets/lib/font-awesome/webfonts/fa-solid-900.eot]
[wptf.themepul.co/rezilla/wp-content/plugins/elementor/assets/lib/font-awesome/webfonts/fa-solid-900d41d.eot]
[wptf.themepul.co/rezilla/wp-content/plugins/elementor/assets/lib/font-awesome/webfonts/fa-solid-900.woff2]
[wptf.themepul.co/rezilla/wp-content/plugins/elementor/assets/lib/font-awesome/webfonts/fa-solid-900.woff]
[wptf.themepul.co/rezilla/wp-content/plugins/elementor/assets/lib/font-awesome/webfonts/fa-solid-900.ttf]
[wptf.themepul.co/rezilla/wp-content/plugins/elementor/assets/lib/font-awesome/css/solid.min52d5.css]
[wptf.themepul.co/rezilla/wp-content/plugins/elementor/assets/lib/font-awesome/webfonts/fa-brands-400.eot]
[wptf.themepul.co/rezilla/wp-content/plugins/elementor/assets/lib/font-awesome/webfonts/fa-brands-400d41d.eot]
[wptf.themepul.co/rezilla/wp-content/plugins/elementor/assets/lib/font-awesome/webfonts/fa-brands-400.woff2]
[wptf.themepul.co/rezilla/wp-content/plugins/elementor/assets/lib/font-awesome/webfonts/fa-brands-400.woff]
[wptf.themepul.co/rezilla/wp-content/plugins/elementor/assets/lib/font-awesome/webfonts/fa-brands-400.ttf]
[wptf.themepul.co/rezilla/wp-content/plugins/elementor/assets/lib/font-awesome/css/brands.min52d5.css]
[wptf.themepul.co/rezilla/index5294.html]
[wptf.themepul.co/rezilla/wp-content/uploads/2022/09/2_3_logo.svg]
[wptf.themepul.co/rezilla/wp-json/wp/v2/rezilla_team/1251.json]
[wptf.themepul.co/rezilla/wp-json/oembed/1.0/embed9182.json]
[wptf.themepul.co/rezilla/wp-json/oembed/1.0/embede3be]
[wptf.themepul.co/rezilla/wp-content/themes/rezilla/assets/bootstrap/popper-min6103.js]
[wptf.themepul.co/rezilla/wp-content/themes/rezilla/assets/bootstrap/bootstrap-min6103.js]
[wptf.themepul.co/rezilla/wp-content/themes/rezilla/assets/popup/jquery-magnific-popup-min6103.js]
[wptf.themepul.co/rezilla/wp-content/themes/rezilla/assets/menu/stellarnav-min6103.js]
[wptf.themepul.co/rezilla/wp-content/themes/rezilla/assets/slick/slick-min6103.js]
[wptf.themepul.co/rezilla/wp-content/themes/rezilla/assets/js/theme6103.js]
[wptf.themepul.co/rezilla/rezilla-team/lauren-devid/index.html]
[wptf.themepul.co/rezilla/wp-json/wp/v2/rezilla_team/508.json]
[wptf.themepul.co/rezilla/wp-json/oembed/1.0/embed1603.json]
[wptf.themepul.co/rezilla/wp-json/oembed/1.0/embedb0de]
[wptf.themepul.co/rezilla/wp-content/themes/rezilla/assets/bootstrap/popper-min23c6.js]
[wptf.themepul.co/rezilla/wp-content/themes/rezilla/assets/bootstrap/bootstrap-min23c6.js]
[wptf.themepul.co/rezilla/wp-content/themes/rezilla/assets/popup/jquery-magnific-popup-min23c6.js]
[wptf.themepul.co/rezilla/wp-content/themes/rezilla/assets/menu/stellarnav-min23c6.js]
[wptf.themepul.co/rezilla/wp-content/themes/rezilla/assets/slick/slick-min23c6.js]
[wptf.themepul.co/rezilla/wp-content/themes/rezilla/assets/js/theme23c6.js]
[wptf.themepul.co/rezilla/rezilla-team/lurch-schpel/index.html]
[wptf.themepul.co/rezilla/wp-json/wp/v2/rezilla_team/506.json]
[wptf.themepul.co/rezilla/wp-json/oembed/1.0/embed8af2.json]
[wptf.themepul.co/rezilla/wp-json/oembed/1.0/embed256b]
[wptf.themepul.co/rezilla/wp-content/themes/rezilla/assets/bootstrap/popper-minf07d.js]
[wptf.themepul.co/rezilla/wp-content/themes/rezilla/assets/bootstrap/bootstrap-minf07d.js]
[wptf.themepul.co/rezilla/wp-content/themes/rezilla/assets/popup/jquery-magnific-popup-minf07d.js]
[wptf.themepul.co/rezilla/wp-content/themes/rezilla/assets/menu/stellarnav-minf07d.js]
[wptf.themepul.co/rezilla/wp-content/themes/rezilla/assets/slick/slick-minf07d.js]
[wptf.themepul.co/rezilla/wp-content/themes/rezilla/assets/js/themef07d.js]
[wptf.themepul.co/rezilla/rezilla-team/jason-response/index.html]
[wptf.themepul.co/rezilla/wp-json/wp/v2/rezilla_team/504.json]
[wptf.themepul.co/rezilla/wp-json/oembed/1.0/embed47c6.json]
[wptf.themepul.co/rezilla/wp-json/oembed/1.0/embedcbd3]
[wptf.themepul.co/rezilla/wp-content/themes/rezilla/assets/bootstrap/popper-min7a3f.js]
[wptf.themepul.co/rezilla/wp-content/themes/rezilla/assets/bootstrap/bootstrap-min7a3f.js]
[wptf.themepul.co/rezilla/wp-content/themes/rezilla/assets/popup/jquery-magnific-popup-min7a3f.js]
[wptf.themepul.co/rezilla/wp-content/themes/rezilla/assets/menu/stellarnav-min7a3f.js]
[wptf.themepul.co/rezilla/wp-content/themes/rezilla/assets/slick/slick-min7a3f.js]
[wptf.themepul.co/rezilla/wp-content/themes/rezilla/assets/js/theme7a3f.js]
[wptf.themepul.co/rezilla/rezilla-team/norman-gordon/index.html]
[wptf.themepul.co/rezilla/handicapped-woman-entre-preneur-with-locomotor-branch/feed/index.html]
[wptf.themepul.co/rezilla/wp-json/wp/v2/posts/41.json]
[wptf.themepul.co/rezilla/wp-json/oembed/1.0/embed8fca.json]
[wptf.themepul.co/rezilla/wp-json/oembed/1.0/embed754e]
[wptf.themepul.co/rezilla/wp-content/themes/rezilla/assets/bootstrap/popper-minc42c.js]
[wptf.themepul.co/rezilla/wp-content/themes/rezilla/assets/bootstrap/bootstrap-minc42c.js]
[wptf.themepul.co/rezilla/wp-content/themes/rezilla/assets/popup/jquery-magnific-popup-minc42c.js]
[wptf.themepul.co/rezilla/wp-content/themes/rezilla/assets/menu/stellarnav-minc42c.js]
[wptf.themepul.co/rezilla/wp-content/themes/rezilla/assets/slick/slick-minc42c.js]
[wptf.themepul.co/rezilla/wp-content/themes/rezilla/assets/js/themec42c.js]
[wptf.themepul.co/rezilla/handicapped-woman-entre-preneur-with-locomotor-branch/index.html]
[wptf.themepul.co/rezilla/wp-content/uploads/2022/09/hero-section3.png]
[wptf.themepul.co/rezilla/wp-content/uploads/2022/09/round-bg-service.png]
[wptf.themepul.co/rezilla/wp-content/uploads/2022/09/about-bg.png]
[wptf.themepul.co/rezilla/wp-content/uploads/2022/09/service-bg.png]
[wptf.themepul.co/rezilla/wp-content/uploads/2022/09/tesimonial-bg.png]
[wptf.themepul.co/rezilla/wp-content/uploads/2022/09/counder-bg.png]
[wptf.themepul.co/rezilla/wp-content/uploads/elementor/css/post-614627d.css]
[wptf.themepul.co/rezilla/index08c1.html]
[wptf.themepul.co/rezilla/service/index.html]
[wptf.themepul.co/rezilla/wp-content/themes/rezilla/assets/bootstrap/bootstrap-min3012.css]
[wptf.themepul.co/rezilla/wp-content/themes/rezilla/assets/bootstrap/bootstrap-rtl-min3012.css]
[wptf.themepul.co/rezilla/wp-content/themes/rezilla/assets/bootstrap/bootstrap-icons3012.css]
[wptf.themepul.co/rezilla/wp-content/themes/rezilla/assets/css/fontawesome-all3012.css]
[wptf.themepul.co/rezilla/wp-content/themes/rezilla/assets/popup/magnific-popup3012.css]
[wptf.themepul.co/rezilla/wp-content/themes/rezilla/assets/slick/slick3012.css]
[wptf.themepul.co/rezilla/wp-content/themes/rezilla/assets/css/unitest3012.css]
[wptf.themepul.co/rezilla/wp-content/themes/rezilla/assets/css/theme3012.css]
[wptf.themepul.co/rezilla/wp-content/themes/rezilla/assets/menu/stellarnav-min3012.css]
[wptf.themepul.co/rezilla/wp-content/themes/rezilla/style3012.css]
[wptf.themepul.co/rezilla/wp-content/uploads/2022/09/ebout.jpg]
[wptf.themepul.co/rezilla/wp-content/uploads/2022/09/about-4bg.png]
[wptf.themepul.co/rezilla/wp-content/uploads/2022/09/about-video.jpg]
[wptf.themepul.co/rezilla/wp-content/uploads/elementor/css/post-574c21.css]
[wptf.themepul.co/rezilla/index9787.html]
[wptf.themepul.co/rezilla/wp-content/plugins/elementor/assets/lib/animations/animations.min34a7.css]
[wptf.themepul.co/rezilla/wp-content/themes/rezilla/assets/bootstrap/bootstrap-min1618.css]
[wptf.themepul.co/rezilla/wp-content/themes/rezilla/assets/bootstrap/bootstrap-rtl-min1618.css]
[wptf.themepul.co/rezilla/wp-content/themes/rezilla/assets/bootstrap/bootstrap-icons1618.css]
[wptf.themepul.co/rezilla/wp-content/themes/rezilla/assets/css/fontawesome-all1618.css]
[wptf.themepul.co/rezilla/wp-content/themes/rezilla/assets/popup/magnific-popup1618.css]
[wptf.themepul.co/rezilla/wp-content/themes/rezilla/assets/slick/slick1618.css]
[wptf.themepul.co/rezilla/wp-content/themes/rezilla/assets/css/unitest1618.css]
[wptf.themepul.co/rezilla/wp-content/themes/rezilla/assets/css/theme1618.css]
[wptf.themepul.co/rezilla/wp-content/themes/rezilla/assets/menu/stellarnav-min1618.css]
[wptf.themepul.co/rezilla/wp-content/themes/rezilla/style1618.css]
[wptf.themepul.co/rezilla/wp-content/uploads/2022/08/about-bg.png]
[wptf.themepul.co/rezilla/wp-content/uploads/2022/09/serviceg.jpg]
[wptf.themepul.co/rezilla/wp-content/uploads/elementor/css/post-2072f60.css]
[wptf.themepul.co/rezilla/indexeb91.html]
[wptf.themepul.co/rezilla/wp-content/themes/rezilla/assets/bootstrap/bootstrap-min0ec1.css]
[wptf.themepul.co/rezilla/wp-content/themes/rezilla/assets/bootstrap/bootstrap-rtl-min0ec1.css]
[wptf.themepul.co/rezilla/wp-content/themes/rezilla/assets/bootstrap/bootstrap-icons0ec1.css]
[wptf.themepul.co/rezilla/wp-content/themes/rezilla/assets/css/fontawesome-all0ec1.css]
[wptf.themepul.co/rezilla/wp-content/themes/rezilla/assets/popup/magnific-popup0ec1.css]
[wptf.themepul.co/rezilla/wp-content/themes/rezilla/assets/slick/slick0ec1.css]
[wptf.themepul.co/rezilla/wp-content/themes/rezilla/assets/css/unitest0ec1.css]
[wptf.themepul.co/rezilla/wp-content/themes/rezilla/assets/css/theme0ec1.css]
[wptf.themepul.co/rezilla/wp-content/themes/rezilla/assets/menu/stellarnav-min0ec1.css]
[wptf.themepul.co/rezilla/wp-content/themes/rezilla/style0ec1.css]
[wptf.themepul.co/rezilla/wp-content/uploads/elementor/css/post-11720ba0.css]
[wptf.themepul.co/rezilla/wp-content/plugins/elementor/assets/lib/font-awesome/webfonts/fa-regular-400.eot]
[wptf.themepul.co/rezilla/wp-content/plugins/elementor/assets/lib/font-awesome/webfonts/fa-regular-400d41d.eot]
[wptf.themepul.co/rezilla/wp-content/plugins/elementor/assets/lib/font-awesome/webfonts/fa-regular-400.woff2]
[wptf.themepul.co/rezilla/wp-content/plugins/elementor/assets/lib/font-awesome/webfonts/fa-regular-400.woff]
[wptf.themepul.co/rezilla/wp-content/plugins/elementor/assets/lib/font-awesome/webfonts/fa-regular-400.ttf]
[wptf.themepul.co/rezilla/wp-content/plugins/elementor/assets/lib/font-awesome/css/regular.min52d5.css]
[wptf.themepul.co/rezilla/index74ef.html]
[wptf.themepul.co/rezilla/wp-content/uploads/elementor/css/custom-widget-icon-box.minfa30.css]
[wptf.themepul.co/rezilla/wp-content/themes/rezilla/assets/bootstrap/bootstrap-min5495.css]
[wptf.themepul.co/rezilla/wp-content/themes/rezilla/assets/bootstrap/bootstrap-rtl-min5495.css]
[wptf.themepul.co/rezilla/wp-content/themes/rezilla/assets/bootstrap/bootstrap-icons5495.css]
[wptf.themepul.co/rezilla/wp-content/themes/rezilla/assets/css/fontawesome-all5495.css]
[wptf.themepul.co/rezilla/wp-content/themes/rezilla/assets/popup/magnific-popup5495.css]
[wptf.themepul.co/rezilla/wp-content/themes/rezilla/assets/slick/slick5495.css]
[wptf.themepul.co/rezilla/wp-content/themes/rezilla/assets/css/unitest5495.css]
[wptf.themepul.co/rezilla/wp-content/themes/rezilla/assets/css/theme5495.css]
[wptf.themepul.co/rezilla/wp-content/themes/rezilla/assets/menu/stellarnav-min5495.css]
[wptf.themepul.co/rezilla/wp-content/themes/rezilla/style5495.css]
[wptf.themepul.co/rezilla/wp-content/uploads/elementor/css/post-1174fa30.css]
[wptf.themepul.co/rezilla/index46e1.html]
[wptf.themepul.co/rezilla/wp-content/themes/rezilla/assets/bootstrap/bootstrap-min0aaf.css]
[wptf.themepul.co/rezilla/wp-content/themes/rezilla/assets/bootstrap/bootstrap-rtl-min0aaf.css]
[wptf.themepul.co/rezilla/wp-content/themes/rezilla/assets/bootstrap/bootstrap-icons0aaf.css]
[wptf.themepul.co/rezilla/wp-content/themes/rezilla/assets/css/fontawesome-all0aaf.css]
[wptf.themepul.co/rezilla/wp-content/themes/rezilla/assets/popup/magnific-popup0aaf.css]
[wptf.themepul.co/rezilla/wp-content/themes/rezilla/assets/slick/slick0aaf.css]
[wptf.themepul.co/rezilla/wp-content/themes/rezilla/assets/css/unitest0aaf.css]
[wptf.themepul.co/rezilla/wp-content/themes/rezilla/assets/css/theme0aaf.css]
[wptf.themepul.co/rezilla/wp-content/themes/rezilla/assets/menu/stellarnav-min0aaf.css]
[wptf.themepul.co/rezilla/wp-content/themes/rezilla/style0aaf.css]
[wptf.themepul.co/rezilla/wp-content/uploads/elementor/css/post-117661d4.css]
[wptf.themepul.co/rezilla/index3195.html]
[wptf.themepul.co/rezilla/wp-content/themes/rezilla/assets/bootstrap/bootstrap-mind754.css]
[wptf.themepul.co/rezilla/wp-content/themes/rezilla/assets/bootstrap/bootstrap-rtl-mind754.css]
[wptf.themepul.co/rezilla/wp-content/themes/rezilla/assets/bootstrap/bootstrap-iconsd754.css]
[wptf.themepul.co/rezilla/wp-content/themes/rezilla/assets/css/fontawesome-alld754.css]
[wptf.themepul.co/rezilla/wp-content/themes/rezilla/assets/popup/magnific-popupd754.css]
[wptf.themepul.co/rezilla/wp-content/themes/rezilla/assets/slick/slickd754.css]
[wptf.themepul.co/rezilla/wp-content/themes/rezilla/assets/css/unitestd754.css]
[wptf.themepul.co/rezilla/wp-content/themes/rezilla/assets/css/themed754.css]
[wptf.themepul.co/rezilla/wp-content/themes/rezilla/assets/menu/stellarnav-mind754.css]
[wptf.themepul.co/rezilla/wp-content/themes/rezilla/styled754.css]
[wptf.themepul.co/rezilla/wp-content/uploads/elementor/css/post-11788f9d.css]
[wptf.themepul.co/rezilla/index5e52.html]
[wptf.themepul.co/rezilla/wp-content/uploads/elementor/css/post-2096061.css]
[wptf.themepul.co/rezilla/index4e6a.html]
[wptf.themepul.co/rezilla/wp-content/themes/rezilla/assets/bootstrap/bootstrap-mindead.css]
[wptf.themepul.co/rezilla/wp-content/themes/rezilla/assets/bootstrap/bootstrap-rtl-mindead.css]
[wptf.themepul.co/rezilla/wp-content/themes/rezilla/assets/bootstrap/bootstrap-iconsdead.css]
[wptf.themepul.co/rezilla/wp-content/themes/rezilla/assets/css/fontawesome-alldead.css]
[wptf.themepul.co/rezilla/wp-content/themes/rezilla/assets/popup/magnific-popupdead.css]
[wptf.themepul.co/rezilla/wp-content/themes/rezilla/assets/slick/slickdead.css]
[wptf.themepul.co/rezilla/wp-content/themes/rezilla/assets/css/unitestdead.css]
[wptf.themepul.co/rezilla/wp-content/themes/rezilla/assets/css/themedead.css]
[wptf.themepul.co/rezilla/wp-content/themes/rezilla/assets/menu/stellarnav-mindead.css]
[wptf.themepul.co/rezilla/wp-content/themes/rezilla/styledead.css]
[wptf.themepul.co/rezilla/wp-content/uploads/elementor/css/post-12625338.css]
[wptf.themepul.co/rezilla/index7695.html]
[wptf.themepul.co/rezilla/wp-content/themes/rezilla/assets/bootstrap/bootstrap-min73ac.css]
[wptf.themepul.co/rezilla/wp-content/themes/rezilla/assets/bootstrap/bootstrap-rtl-min73ac.css]
[wptf.themepul.co/rezilla/wp-content/themes/rezilla/assets/bootstrap/bootstrap-icons73ac.css]
[wptf.themepul.co/rezilla/wp-content/themes/rezilla/assets/css/fontawesome-all73ac.css]
[wptf.themepul.co/rezilla/wp-content/themes/rezilla/assets/popup/magnific-popup73ac.css]
[wptf.themepul.co/rezilla/wp-content/themes/rezilla/assets/slick/slick73ac.css]
[wptf.themepul.co/rezilla/wp-content/themes/rezilla/assets/css/unitest73ac.css]
[wptf.themepul.co/rezilla/wp-content/themes/rezilla/assets/css/theme73ac.css]
[wptf.themepul.co/rezilla/wp-content/themes/rezilla/assets/menu/stellarnav-min73ac.css]
[wptf.themepul.co/rezilla/wp-content/themes/rezilla/style73ac.css]
[wptf.themepul.co/rezilla/wp-content/uploads/elementor/css/post-11848735.css]
[wptf.themepul.co/rezilla/index0ae6.html]
[wptf.themepul.co/rezilla/wp-content/uploads/elementor/css/post-11938735.css]
[wptf.themepul.co/rezilla/wp-content/themes/rezilla/assets/bootstrap/bootstrap-minf130.css]
[wptf.themepul.co/rezilla/wp-content/themes/rezilla/assets/bootstrap/bootstrap-rtl-minf130.css]
[wptf.themepul.co/rezilla/wp-content/themes/rezilla/assets/bootstrap/bootstrap-iconsf130.css]
[wptf.themepul.co/rezilla/wp-content/themes/rezilla/assets/css/fontawesome-allf130.css]
[wptf.themepul.co/rezilla/wp-content/themes/rezilla/assets/popup/magnific-popupf130.css]
[wptf.themepul.co/rezilla/wp-content/themes/rezilla/assets/slick/slickf130.css]
[wptf.themepul.co/rezilla/wp-content/themes/rezilla/assets/css/unitestf130.css]
[wptf.themepul.co/rezilla/wp-content/themes/rezilla/assets/css/themef130.css]
[wptf.themepul.co/rezilla/wp-content/themes/rezilla/assets/menu/stellarnav-minf130.css]
[wptf.themepul.co/rezilla/wp-content/themes/rezilla/stylef130.css]
[wptf.themepul.co/rezilla/wp-content/uploads/elementor/css/post-1248cc65.css]
[wptf.themepul.co/rezilla/indexfc76.html]
[wptf.themepul.co/rezilla/wp-json/wp/v2/rezilla_team/399.json]
[wptf.themepul.co/rezilla/wp-json/oembed/1.0/embed9220.json]
[wptf.themepul.co/rezilla/wp-json/oembed/1.0/embed67ca]
[wptf.themepul.co/rezilla/wp-content/themes/rezilla/assets/bootstrap/popper-min1041.js]
[wptf.themepul.co/rezilla/wp-content/themes/rezilla/assets/bootstrap/bootstrap-min1041.js]
[wptf.themepul.co/rezilla/wp-content/themes/rezilla/assets/popup/jquery-magnific-popup-min1041.js]
[wptf.themepul.co/rezilla/wp-content/themes/rezilla/assets/menu/stellarnav-min1041.js]
[wptf.themepul.co/rezilla/wp-content/themes/rezilla/assets/slick/slick-min1041.js]
[wptf.themepul.co/rezilla/wp-content/themes/rezilla/assets/js/theme1041.js]
[wptf.themepul.co/rezilla/rezilla-team/daniella-rhodes/index.html]
[wptf.themepul.co/rezilla/wp-json/wp/v2/rezilla_team/478.json]
[wptf.themepul.co/rezilla/wp-json/oembed/1.0/embedc5ab.json]
[wptf.themepul.co/rezilla/wp-json/oembed/1.0/embed2a8c]
[wptf.themepul.co/rezilla/wp-content/themes/rezilla/assets/bootstrap/popper-minb495.js]
[wptf.themepul.co/rezilla/wp-content/themes/rezilla/assets/bootstrap/bootstrap-minb495.js]
[wptf.themepul.co/rezilla/wp-content/themes/rezilla/assets/popup/jquery-magnific-popup-minb495.js]
[wptf.themepul.co/rezilla/wp-content/themes/rezilla/assets/menu/stellarnav-minb495.js]
[wptf.themepul.co/rezilla/wp-content/themes/rezilla/assets/slick/slick-minb495.js]
[wptf.themepul.co/rezilla/wp-content/themes/rezilla/assets/js/themeb495.js]
[wptf.themepul.co/rezilla/rezilla-team/david-phillips/index.html]
[wptf.themepul.co/rezilla/wp-json/wp/v2/rezilla_team/489.json]
[wptf.themepul.co/rezilla/wp-json/oembed/1.0/embed957d.json]
[wptf.themepul.co/rezilla/wp-json/oembed/1.0/embedd911]
[wptf.themepul.co/rezilla/wp-content/themes/rezilla/assets/bootstrap/popper-minf57e.js]
[wptf.themepul.co/rezilla/wp-content/themes/rezilla/assets/bootstrap/bootstrap-minf57e.js]
[wptf.themepul.co/rezilla/wp-content/themes/rezilla/assets/popup/jquery-magnific-popup-minf57e.js]
[wptf.themepul.co/rezilla/wp-content/themes/rezilla/assets/menu/stellarnav-minf57e.js]
[wptf.themepul.co/rezilla/wp-content/themes/rezilla/assets/slick/slick-minf57e.js]
[wptf.themepul.co/rezilla/wp-content/themes/rezilla/assets/js/themef57e.js]
[wptf.themepul.co/rezilla/rezilla-team/lauren-davison/index.html]
[wptf.themepul.co/rezilla/wp-json/wp/v2/rezilla_team/493.json]
[wptf.themepul.co/rezilla/wp-json/oembed/1.0/embed6c57.json]
[wptf.themepul.co/rezilla/wp-json/oembed/1.0/embed5aa5]
[wptf.themepul.co/rezilla/rezilla-team/lauren-davison-2/index.html]
[wptf.themepul.co/rezilla/wp-json/wp/v2/rezilla_team/501.json]
[wptf.themepul.co/rezilla/wp-json/oembed/1.0/embed737a.json]
[wptf.themepul.co/rezilla/wp-json/oembed/1.0/embedf058]
[wptf.themepul.co/rezilla/wp-content/themes/rezilla/assets/bootstrap/popper-minf591.js]
[wptf.themepul.co/rezilla/wp-content/themes/rezilla/assets/bootstrap/bootstrap-minf591.js]
[wptf.themepul.co/rezilla/wp-content/themes/rezilla/assets/popup/jquery-magnific-popup-minf591.js]
[wptf.themepul.co/rezilla/wp-content/themes/rezilla/assets/menu/stellarnav-minf591.js]
[wptf.themepul.co/rezilla/wp-content/themes/rezilla/assets/slick/slick-minf591.js]
[wptf.themepul.co/rezilla/wp-content/themes/rezilla/assets/js/themef591.js]
[wptf.themepul.co/rezilla/rezilla-team/benjamin-evalent/index.html]
[wptf.themepul.co/rezilla/wp-content/themes/rezilla/assets/bootstrap/bootstrap-min3857.css]
[wptf.themepul.co/rezilla/wp-content/themes/rezilla/assets/bootstrap/bootstrap-rtl-min3857.css]
[wptf.themepul.co/rezilla/wp-content/themes/rezilla/assets/bootstrap/bootstrap-icons3857.css]
[wptf.themepul.co/rezilla/wp-content/themes/rezilla/assets/css/fontawesome-all3857.css]
[wptf.themepul.co/rezilla/wp-content/themes/rezilla/assets/popup/magnific-popup3857.css]
[wptf.themepul.co/rezilla/wp-content/themes/rezilla/assets/slick/slick3857.css]
[wptf.themepul.co/rezilla/wp-content/themes/rezilla/assets/css/unitest3857.css]
[wptf.themepul.co/rezilla/wp-content/themes/rezilla/assets/css/theme3857.css]
[wptf.themepul.co/rezilla/wp-content/themes/rezilla/assets/menu/stellarnav-min3857.css]
[wptf.themepul.co/rezilla/wp-content/themes/rezilla/style3857.css]
[wptf.themepul.co/rezilla/wp-content/uploads/2022/09/service-sbg.png]
[wptf.themepul.co/rezilla/wp-content/uploads/elementor/css/post-1284d125.css]
[wptf.themepul.co/rezilla/indexbbcb.html]
[wptf.themepul.co/rezilla/wp-includes/css/dist/block-library/style.min84fc.css]
[wptf.themepul.co/rezilla/wp-content/themes/rezilla/assets/bootstrap/bootstrap-min687c.css]
[wptf.themepul.co/rezilla/wp-content/themes/rezilla/assets/bootstrap/bootstrap-rtl-min687c.css]
[wptf.themepul.co/rezilla/wp-content/themes/rezilla/assets/bootstrap/bootstrap-icons687c.css]
[wptf.themepul.co/rezilla/wp-content/themes/rezilla/assets/css/fontawesome-all687c.css]
[wptf.themepul.co/rezilla/wp-content/themes/rezilla/assets/popup/magnific-popup687c.css]
[wptf.themepul.co/rezilla/wp-content/themes/rezilla/assets/slick/slick687c.css]
[wptf.themepul.co/rezilla/wp-content/themes/rezilla/assets/css/unitest687c.css]
[wptf.themepul.co/rezilla/wp-content/themes/rezilla/assets/css/theme687c.css]
[wptf.themepul.co/rezilla/wp-content/themes/rezilla/assets/menu/stellarnav-min687c.css]
[wptf.themepul.co/rezilla/wp-content/themes/rezilla/style687c.css]
[wptf.themepul.co/rezilla/the-belgian-exodus-of-world-war-one-of-the-most-part-of-tech/feed/index.html]
[wptf.themepul.co/rezilla/wp-json/wp/v2/posts/38.json]
[wptf.themepul.co/rezilla/wp-json/oembed/1.0/embed7683.json]
[wptf.themepul.co/rezilla/wp-json/oembed/1.0/embed2095]
[wptf.themepul.co/rezilla/wp-content/themes/rezilla/assets/bootstrap/popper-min07fd.js]
[wptf.themepul.co/rezilla/category/exodus/index.html]
[wptf.themepul.co/rezilla/wp-content/themes/rezilla/assets/bootstrap/bootstrap-min07fd.js]
[wptf.themepul.co/rezilla/wp-content/themes/rezilla/assets/popup/jquery-magnific-popup-min07fd.js]
[wptf.themepul.co/rezilla/wp-content/themes/rezilla/assets/menu/stellarnav-min07fd.js]
[wptf.themepul.co/rezilla/wp-content/themes/rezilla/assets/slick/slick-min07fd.js]
[wptf.themepul.co/rezilla/wp-content/themes/rezilla/assets/js/theme07fd.js]
[wptf.themepul.co/rezilla/the-belgian-exodus-of-world-war-one-of-the-most-part-of-tech/index.html]
[wptf.themepul.co/rezilla/businessman-in-wheelchair-looking-at-analysis-on-laptop/feed/index.html]
[wptf.themepul.co/rezilla/wp-json/wp/v2/posts/36.json]
[wptf.themepul.co/rezilla/wp-json/oembed/1.0/embed3037.json]
[wptf.themepul.co/rezilla/wp-json/oembed/1.0/embeda8fc]
[wptf.themepul.co/rezilla/wp-content/uploads/2022/08/blog-4.jpg]
[wptf.themepul.co/rezilla/businessman-in-wheelchair-looking-at-analysis-on-laptop/index.html]
[wptf.themepul.co/rezilla/wp-content/uploads/2022/08/blog-2-850x450.jpg]
[wptf.themepul.co/rezilla/wp-content/uploads/2022/08/blog-1-850x450.jpg]
[wptf.themepul.co/rezilla/blog/page/2/index.html]
[wptf.themepul.co/rezilla/tag/analysis/feed/index.html]
[wptf.themepul.co/rezilla/wp-json/wp/v2/tags/30.json]
[wptf.themepul.co/rezilla/wp-content/themes/rezilla/assets/bootstrap/popper-mined3d.js]
[wptf.themepul.co/rezilla/wp-content/themes/rezilla/assets/bootstrap/bootstrap-mined3d.js]
[wptf.themepul.co/rezilla/wp-content/themes/rezilla/assets/popup/jquery-magnific-popup-mined3d.js]
[wptf.themepul.co/rezilla/wp-content/themes/rezilla/assets/menu/stellarnav-mined3d.js]
[wptf.themepul.co/rezilla/wp-content/themes/rezilla/assets/slick/slick-mined3d.js]
[wptf.themepul.co/rezilla/wp-content/themes/rezilla/assets/js/themeed3d.js]
[wptf.themepul.co/rezilla/tag/analysis/index.html]
[wptf.themepul.co/rezilla/tag/best/feed/index.html]
[wptf.themepul.co/rezilla/wp-json/wp/v2/tags/22.json]
[wptf.themepul.co/rezilla/tag/best/index.html]
[wptf.themepul.co/rezilla/wp-json/wp/v2/tags/18.json]
[wptf.themepul.co/rezilla/tag/business/index.html]
[wptf.themepul.co/rezilla/tag/business/feed/index.html]
[wptf.themepul.co/rezilla/tag/event/feed/index.html]
[wptf.themepul.co/rezilla/wp-json/wp/v2/tags/25.json]
[wptf.themepul.co/rezilla/wp-content/themes/rezilla/assets/bootstrap/popper-min540e.js]
[wptf.themepul.co/rezilla/wp-content/themes/rezilla/assets/bootstrap/bootstrap-min540e.js]
[wptf.themepul.co/rezilla/wp-content/themes/rezilla/assets/popup/jquery-magnific-popup-min540e.js]
[wptf.themepul.co/rezilla/wp-content/themes/rezilla/assets/menu/stellarnav-min540e.js]
[wptf.themepul.co/rezilla/wp-content/themes/rezilla/assets/slick/slick-min540e.js]
[wptf.themepul.co/rezilla/wp-content/themes/rezilla/assets/js/theme540e.js]
[wptf.themepul.co/rezilla/tag/event/index.html]
[wptf.themepul.co/rezilla/tag/exodus/feed/index.html]
[wptf.themepul.co/rezilla/wp-json/wp/v2/tags/34.json]
[wptf.themepul.co/rezilla/wp-content/themes/rezilla/assets/bootstrap/popper-minc714.js]
[wptf.themepul.co/rezilla/wp-content/themes/rezilla/assets/bootstrap/bootstrap-minc714.js]
[wptf.themepul.co/rezilla/wp-content/themes/rezilla/assets/popup/jquery-magnific-popup-minc714.js]
[wptf.themepul.co/rezilla/wp-content/themes/rezilla/assets/menu/stellarnav-minc714.js]
[wptf.themepul.co/rezilla/wp-content/themes/rezilla/assets/slick/slick-minc714.js]
[wptf.themepul.co/rezilla/wp-content/themes/rezilla/assets/js/themec714.js]
[wptf.themepul.co/rezilla/tag/exodus/index.html]
[wptf.themepul.co/rezilla/wp-json/wp/v2/tags/27.json]
[wptf.themepul.co/rezilla/tag/fun/index.html]
[wptf.themepul.co/rezilla/tag/fun/feed/index.html]
[wptf.themepul.co/rezilla/tag/restly/feed/index.html]
[wptf.themepul.co/rezilla/wp-json/wp/v2/tags/32.json]
[wptf.themepul.co/rezilla/wp-content/themes/rezilla/assets/bootstrap/popper-mincb8e.js]
[wptf.themepul.co/rezilla/wp-content/themes/rezilla/assets/bootstrap/bootstrap-mincb8e.js]
[wptf.themepul.co/rezilla/wp-content/themes/rezilla/assets/popup/jquery-magnific-popup-mincb8e.js]
[wptf.themepul.co/rezilla/wp-content/themes/rezilla/assets/menu/stellarnav-mincb8e.js]
[wptf.themepul.co/rezilla/wp-content/themes/rezilla/assets/slick/slick-mincb8e.js]
[wptf.themepul.co/rezilla/wp-content/themes/rezilla/assets/js/themecb8e.js]
[wptf.themepul.co/rezilla/tag/restly/index.html]
[wptf.themepul.co/rezilla/tag/rezilla/feed/index.html]
[wptf.themepul.co/rezilla/wp-json/wp/v2/tags/35.json]
[wptf.themepul.co/rezilla/wp-content/themes/rezilla/assets/bootstrap/popper-min6351.js]
[wptf.themepul.co/rezilla/wp-content/themes/rezilla/assets/bootstrap/bootstrap-min6351.js]
[wptf.themepul.co/rezilla/wp-content/themes/rezilla/assets/popup/jquery-magnific-popup-min6351.js]
[wptf.themepul.co/rezilla/wp-content/themes/rezilla/assets/menu/stellarnav-min6351.js]
[wptf.themepul.co/rezilla/wp-content/themes/rezilla/assets/slick/slick-min6351.js]
[wptf.themepul.co/rezilla/wp-content/themes/rezilla/assets/js/theme6351.js]
[wptf.themepul.co/rezilla/tag/rezilla/index.html]
[wptf.themepul.co/rezilla/tag/startup/feed/index.html]
[wptf.themepul.co/rezilla/wp-json/wp/v2/tags/20.json]
[wptf.themepul.co/rezilla/wp-content/themes/rezilla/assets/bootstrap/popper-mine502.js]
[wptf.themepul.co/rezilla/wp-content/themes/rezilla/assets/bootstrap/bootstrap-mine502.js]
[wptf.themepul.co/rezilla/wp-content/themes/rezilla/assets/popup/jquery-magnific-popup-mine502.js]
[wptf.themepul.co/rezilla/wp-content/themes/rezilla/assets/menu/stellarnav-mine502.js]
[wptf.themepul.co/rezilla/wp-content/themes/rezilla/assets/slick/slick-mine502.js]
[wptf.themepul.co/rezilla/wp-content/themes/rezilla/assets/js/themee502.js]
[wptf.themepul.co/rezilla/tag/startup/index.html]
[wptf.themepul.co/rezilla/wp-json/wp/v2/tags/21.json]
[wptf.themepul.co/rezilla/tag/success/index.html]
[wptf.themepul.co/rezilla/tag/success/feed/index.html]
[wptf.themepul.co/rezilla/tag/taking/feed/index.html]
[wptf.themepul.co/rezilla/wp-json/wp/v2/tags/28.json]
[wptf.themepul.co/rezilla/wp-content/themes/rezilla/assets/bootstrap/popper-min6258.js]
[wptf.themepul.co/rezilla/wp-content/themes/rezilla/assets/bootstrap/bootstrap-min6258.js]
[wptf.themepul.co/rezilla/wp-content/themes/rezilla/assets/popup/jquery-magnific-popup-min6258.js]
[wptf.themepul.co/rezilla/wp-content/themes/rezilla/assets/menu/stellarnav-min6258.js]
[wptf.themepul.co/rezilla/wp-content/themes/rezilla/assets/slick/slick-min6258.js]
[wptf.themepul.co/rezilla/wp-content/themes/rezilla/assets/js/theme6258.js]
[wptf.themepul.co/rezilla/tag/taking/index.html]
[wptf.themepul.co/rezilla/tag/tech/feed/index.html]
[wptf.themepul.co/rezilla/wp-json/wp/v2/tags/19.json]
[wptf.themepul.co/rezilla/wp-content/themes/rezilla/assets/bootstrap/popper-mincd50.js]
[wptf.themepul.co/rezilla/wp-content/themes/rezilla/assets/bootstrap/bootstrap-mincd50.js]
[wptf.themepul.co/rezilla/wp-content/themes/rezilla/assets/popup/jquery-magnific-popup-mincd50.js]
[wptf.themepul.co/rezilla/wp-content/themes/rezilla/assets/menu/stellarnav-mincd50.js]
[wptf.themepul.co/rezilla/wp-content/themes/rezilla/assets/slick/slick-mincd50.js]
[wptf.themepul.co/rezilla/wp-content/themes/rezilla/assets/js/themecd50.js]
[wptf.themepul.co/rezilla/tag/tech/index.html]
[wptf.themepul.co/rezilla/tag/techno/feed/index.html]
[wptf.themepul.co/rezilla/wp-json/wp/v2/tags/31.json]
[wptf.themepul.co/rezilla/wp-content/themes/rezilla/assets/bootstrap/popper-mindbc5.js]
[wptf.themepul.co/rezilla/wp-content/themes/rezilla/assets/bootstrap/bootstrap-mindbc5.js]
[wptf.themepul.co/rezilla/wp-content/themes/rezilla/assets/popup/jquery-magnific-popup-mindbc5.js]
[wptf.themepul.co/rezilla/wp-content/themes/rezilla/assets/menu/stellarnav-mindbc5.js]
[wptf.themepul.co/rezilla/wp-content/themes/rezilla/assets/slick/slick-mindbc5.js]
[wptf.themepul.co/rezilla/wp-content/themes/rezilla/assets/js/themedbc5.js]
[wptf.themepul.co/rezilla/tag/techno/index.html]
[wptf.themepul.co/rezilla/tag/theme/feed/index.html]
[wptf.themepul.co/rezilla/wp-json/wp/v2/tags/36.json]
[wptf.themepul.co/rezilla/tag/theme/index.html]
[wptf.themepul.co/rezilla/tag/woman/feed/index.html]
[wptf.themepul.co/rezilla/wp-json/wp/v2/tags/37.json]
[wptf.themepul.co/rezilla/wp-content/themes/rezilla/assets/bootstrap/popper-min8c49.js]
[wptf.themepul.co/rezilla/wp-content/themes/rezilla/assets/bootstrap/bootstrap-min8c49.js]
[wptf.themepul.co/rezilla/wp-content/themes/rezilla/assets/popup/jquery-magnific-popup-min8c49.js]
[wptf.themepul.co/rezilla/wp-content/themes/rezilla/assets/menu/stellarnav-min8c49.js]
[wptf.themepul.co/rezilla/wp-content/themes/rezilla/assets/slick/slick-min8c49.js]
[wptf.themepul.co/rezilla/wp-content/themes/rezilla/assets/js/theme8c49.js]
[wptf.themepul.co/rezilla/tag/woman/index.html]
[wptf.themepul.co/rezilla/wp-loginc2b6.html]
[wptf.themepul.co/rezilla/wp-includes/js/zxcvbn-async.min5152.js]
[wptf.themepul.co/rezilla/wp-includes/js/dist/vendor/wp-polyfill-inert.min0226.js]
[wptf.themepul.co/rezilla/wp-includes/js/dist/vendor/regenerator-runtime.min6c85.js]
[wptf.themepul.co/rezilla/wp-includes/js/dist/vendor/wp-polyfill.min2c7c.js]
[wptf.themepul.co/rezilla/wp-includes/js/dist/hooks.min2ebd.js]
[wptf.themepul.co/rezilla/wp-includes/js/dist/i18n.minf92f.js]
[wptf.themepul.co/rezilla/wp-admin/js/password-strength-meter.min84fc.js]
[wptf.themepul.co/rezilla/wp-includes/js/underscore.mind584.js]
[wptf.themepul.co/rezilla/wp-includes/js/wp-util.min84fc.js]
[wptf.themepul.co/rezilla/wp-admin/js/user-profile.min84fc.js]
[wptf.themepul.co/rezilla/wp-login.html]
[wptf.themepul.co/rezilla/indexc7e3.html]
[wptf.themepul.co/rezilla/xmlrpc.php]
[wptf.themepul.co/rezilla/category/business/feed/index.html]
[wptf.themepul.co/rezilla/wp-json/wp/v2/categories/23.json]
[wptf.themepul.co/rezilla/wp-content/themes/rezilla/assets/bootstrap/popper-min9226.js]
[wptf.themepul.co/rezilla/wp-content/themes/rezilla/assets/bootstrap/bootstrap-min9226.js]
[wptf.themepul.co/rezilla/wp-content/themes/rezilla/assets/popup/jquery-magnific-popup-min9226.js]
[wptf.themepul.co/rezilla/wp-content/themes/rezilla/assets/menu/stellarnav-min9226.js]
[wptf.themepul.co/rezilla/wp-content/themes/rezilla/assets/slick/slick-min9226.js]
[wptf.themepul.co/rezilla/wp-content/themes/rezilla/assets/js/theme9226.js]
[wptf.themepul.co/rezilla/category/business/index.html]
[wptf.themepul.co/rezilla/wp-content/themes/rezilla/assets/bootstrap/bootstrap-minf234.css]
[wptf.themepul.co/rezilla/wp-content/themes/rezilla/assets/bootstrap/bootstrap-rtl-minf234.css]
[wptf.themepul.co/rezilla/wp-content/themes/rezilla/assets/bootstrap/bootstrap-iconsf234.css]
[wptf.themepul.co/rezilla/wp-content/themes/rezilla/assets/css/fontawesome-allf234.css]
[wptf.themepul.co/rezilla/wp-content/themes/rezilla/assets/popup/magnific-popupf234.css]
[wptf.themepul.co/rezilla/wp-content/themes/rezilla/assets/slick/slickf234.css]
[wptf.themepul.co/rezilla/wp-content/themes/rezilla/assets/css/unitestf234.css]
[wptf.themepul.co/rezilla/wp-content/themes/rezilla/assets/css/themef234.css]
[wptf.themepul.co/rezilla/wp-content/themes/rezilla/assets/menu/stellarnav-minf234.css]
[wptf.themepul.co/rezilla/wp-content/themes/rezilla/stylef234.css]
[wptf.themepul.co/rezilla/wp-content/uploads/elementor/css/post-5974bb.css]
[wptf.themepul.co/rezilla/index1098.html]
[wptf.themepul.co/rezilla/wp-content/themes/rezilla/assets/bootstrap/bootstrap-min0022.css]
[wptf.themepul.co/rezilla/wp-content/themes/rezilla/assets/bootstrap/bootstrap-rtl-min0022.css]
[wptf.themepul.co/rezilla/wp-content/themes/rezilla/assets/bootstrap/bootstrap-icons0022.css]
[wptf.themepul.co/rezilla/wp-content/themes/rezilla/assets/css/fontawesome-all0022.css]
[wptf.themepul.co/rezilla/wp-content/themes/rezilla/assets/popup/magnific-popup0022.css]
[wptf.themepul.co/rezilla/wp-content/themes/rezilla/assets/slick/slick0022.css]
[wptf.themepul.co/rezilla/wp-content/themes/rezilla/assets/css/unitest0022.css]
[wptf.themepul.co/rezilla/wp-content/themes/rezilla/assets/css/theme0022.css]
[wptf.themepul.co/rezilla/wp-content/themes/rezilla/assets/menu/stellarnav-min0022.css]
[wptf.themepul.co/rezilla/wp-content/themes/rezilla/style0022.css]
[wptf.themepul.co/rezilla/wp-content/themes/rezilla/assets/bootstrap/popper-min9995.js]
[wptf.themepul.co/rezilla/wp-content/themes/rezilla/assets/bootstrap/bootstrap-min9995.js]
[wptf.themepul.co/rezilla/wp-content/themes/rezilla/assets/popup/jquery-magnific-popup-min9995.js]
[wptf.themepul.co/rezilla/wp-content/themes/rezilla/assets/menu/stellarnav-min9995.js]
[wptf.themepul.co/rezilla/wp-content/themes/rezilla/assets/slick/slick-min9995.js]
[wptf.themepul.co/rezilla/wp-content/themes/rezilla/assets/js/theme9995.js]
[wptf.themepul.co/rezilla/author/rezilla/page/2/index.html]
[wptf.themepul.co/rezilla/index0735.html]
[wptf.themepul.co/rezilla/category/technology/feed/index.html]
[wptf.themepul.co/rezilla/wp-json/wp/v2/categories/17.json]
[wptf.themepul.co/rezilla/wp-content/themes/rezilla/assets/bootstrap/popper-min5069.js]
[wptf.themepul.co/rezilla/wp-content/themes/rezilla/assets/bootstrap/bootstrap-min5069.js]
[wptf.themepul.co/rezilla/wp-content/themes/rezilla/assets/popup/jquery-magnific-popup-min5069.js]
[wptf.themepul.co/rezilla/wp-content/themes/rezilla/assets/menu/stellarnav-min5069.js]
[wptf.themepul.co/rezilla/wp-content/themes/rezilla/assets/slick/slick-min5069.js]
[wptf.themepul.co/rezilla/wp-content/themes/rezilla/assets/js/theme5069.js]
[wptf.themepul.co/rezilla/category/technology/index.html]
[wptf.themepul.co/rezilla/wp-content/themes/rezilla/assets/bootstrap/bootstrap-min844a.css]
[wptf.themepul.co/rezilla/wp-content/themes/rezilla/assets/bootstrap/bootstrap-rtl-min844a.css]
[wptf.themepul.co/rezilla/wp-content/themes/rezilla/assets/bootstrap/bootstrap-icons844a.css]
[wptf.themepul.co/rezilla/wp-content/themes/rezilla/assets/css/fontawesome-all844a.css]
[wptf.themepul.co/rezilla/wp-content/themes/rezilla/assets/popup/magnific-popup844a.css]
[wptf.themepul.co/rezilla/wp-content/themes/rezilla/assets/slick/slick844a.css]
[wptf.themepul.co/rezilla/wp-content/themes/rezilla/assets/css/unitest844a.css]
[wptf.themepul.co/rezilla/wp-content/themes/rezilla/assets/css/theme844a.css]
[wptf.themepul.co/rezilla/wp-content/themes/rezilla/assets/menu/stellarnav-min844a.css]
[wptf.themepul.co/rezilla/wp-content/themes/rezilla/style844a.css]
[wptf.themepul.co/rezilla/index1e7e.html]
[wptf.themepul.co/rezilla/category/event/feed/index.html]
[wptf.themepul.co/rezilla/wp-json/wp/v2/categories/24.json]
[wptf.themepul.co/rezilla/wp-content/themes/rezilla/assets/bootstrap/popper-mine0b1.js]
[wptf.themepul.co/rezilla/wp-content/themes/rezilla/assets/bootstrap/bootstrap-mine0b1.js]
[wptf.themepul.co/rezilla/wp-content/themes/rezilla/assets/popup/jquery-magnific-popup-mine0b1.js]
[wptf.themepul.co/rezilla/wp-content/themes/rezilla/assets/menu/stellarnav-mine0b1.js]
[wptf.themepul.co/rezilla/wp-content/themes/rezilla/assets/slick/slick-mine0b1.js]
[wptf.themepul.co/rezilla/wp-content/themes/rezilla/assets/js/themee0b1.js]
[wptf.themepul.co/rezilla/category/event/index.html]
[wptf.themepul.co/rezilla/wp-content/themes/rezilla/assets/bootstrap/bootstrap-min8690.css]
[wptf.themepul.co/rezilla/wp-content/themes/rezilla/assets/bootstrap/bootstrap-rtl-min8690.css]
[wptf.themepul.co/rezilla/wp-content/themes/rezilla/assets/bootstrap/bootstrap-icons8690.css]
[wptf.themepul.co/rezilla/wp-content/themes/rezilla/assets/css/fontawesome-all8690.css]
[wptf.themepul.co/rezilla/wp-content/themes/rezilla/assets/popup/magnific-popup8690.css]
[wptf.themepul.co/rezilla/wp-content/themes/rezilla/assets/slick/slick8690.css]
[wptf.themepul.co/rezilla/wp-content/themes/rezilla/assets/css/unitest8690.css]
[wptf.themepul.co/rezilla/wp-content/themes/rezilla/assets/css/theme8690.css]
[wptf.themepul.co/rezilla/wp-content/themes/rezilla/assets/menu/stellarnav-min8690.css]
[wptf.themepul.co/rezilla/wp-content/themes/rezilla/style8690.css]
[wptf.themepul.co/rezilla/index5e74.html]
[wptf.themepul.co/rezilla/category/analysis/feed/index.html]
[wptf.themepul.co/rezilla/wp-json/wp/v2/categories/29.json]
[wptf.themepul.co/rezilla/wp-content/themes/rezilla/assets/bootstrap/popper-minf52d.js]
[wptf.themepul.co/rezilla/wp-content/themes/rezilla/assets/bootstrap/bootstrap-minf52d.js]
[wptf.themepul.co/rezilla/wp-content/themes/rezilla/assets/popup/jquery-magnific-popup-minf52d.js]
[wptf.themepul.co/rezilla/wp-content/themes/rezilla/assets/menu/stellarnav-minf52d.js]
[wptf.themepul.co/rezilla/wp-content/themes/rezilla/assets/slick/slick-minf52d.js]
[wptf.themepul.co/rezilla/wp-content/themes/rezilla/assets/js/themef52d.js]
[wptf.themepul.co/rezilla/category/analysis/index.html]
[wptf.themepul.co/rezilla/wp-content/themes/rezilla/assets/bootstrap/bootstrap-minceb4.css]
[wptf.themepul.co/rezilla/wp-content/themes/rezilla/assets/bootstrap/bootstrap-rtl-minceb4.css]
[wptf.themepul.co/rezilla/wp-content/themes/rezilla/assets/bootstrap/bootstrap-iconsceb4.css]
[wptf.themepul.co/rezilla/wp-content/themes/rezilla/assets/css/fontawesome-allceb4.css]
[wptf.themepul.co/rezilla/wp-content/themes/rezilla/assets/popup/magnific-popupceb4.css]
[wptf.themepul.co/rezilla/wp-content/themes/rezilla/assets/slick/slickceb4.css]
[wptf.themepul.co/rezilla/wp-content/themes/rezilla/assets/css/unitestceb4.css]
[wptf.themepul.co/rezilla/wp-content/themes/rezilla/assets/css/themeceb4.css]
[wptf.themepul.co/rezilla/wp-content/themes/rezilla/assets/menu/stellarnav-minceb4.css]
[wptf.themepul.co/rezilla/wp-content/themes/rezilla/styleceb4.css]
[wptf.themepul.co/rezilla/index4170.html]
[wptf.themepul.co/rezilla/wp-content/plugins/elementor/assets/lib/font-awesome/webfonts/fa-solid-900.svg]
[wptf.themepul.co/rezilla/wp-content/plugins/elementor/assets/lib/font-awesome/webfonts/fa-brands-400.svg]
[wptf.themepul.co/rezilla/wp-content/themes/rezilla/assets/bootstrap/bootstrap-min6103.css]
[wptf.themepul.co/rezilla/wp-content/themes/rezilla/assets/bootstrap/bootstrap-rtl-min6103.css]
[wptf.themepul.co/rezilla/wp-content/themes/rezilla/assets/bootstrap/bootstrap-icons6103.css]
[wptf.themepul.co/rezilla/wp-content/themes/rezilla/assets/css/fontawesome-all6103.css]
[wptf.themepul.co/rezilla/wp-content/themes/rezilla/assets/popup/magnific-popup6103.css]
[wptf.themepul.co/rezilla/wp-content/themes/rezilla/assets/slick/slick6103.css]
[wptf.themepul.co/rezilla/wp-content/themes/rezilla/assets/css/unitest6103.css]
[wptf.themepul.co/rezilla/wp-content/themes/rezilla/assets/css/theme6103.css]
[wptf.themepul.co/rezilla/wp-content/themes/rezilla/assets/menu/stellarnav-min6103.css]
[wptf.themepul.co/rezilla/wp-content/themes/rezilla/style6103.css]
[wptf.themepul.co/rezilla/wp-content/uploads/elementor/css/post-125150cc.css]
[wptf.themepul.co/rezilla/indexfb45.html]
[wptf.themepul.co/rezilla/wp-content/themes/rezilla/assets/bootstrap/bootstrap-min23c6.css]
[wptf.themepul.co/rezilla/wp-content/themes/rezilla/assets/bootstrap/bootstrap-rtl-min23c6.css]
[wptf.themepul.co/rezilla/wp-content/themes/rezilla/assets/bootstrap/bootstrap-icons23c6.css]
[wptf.themepul.co/rezilla/wp-content/themes/rezilla/assets/css/fontawesome-all23c6.css]
[wptf.themepul.co/rezilla/wp-content/themes/rezilla/assets/popup/magnific-popup23c6.css]
[wptf.themepul.co/rezilla/wp-content/themes/rezilla/assets/slick/slick23c6.css]
[wptf.themepul.co/rezilla/wp-content/themes/rezilla/assets/css/unitest23c6.css]
[wptf.themepul.co/rezilla/wp-content/themes/rezilla/assets/css/theme23c6.css]
[wptf.themepul.co/rezilla/wp-content/themes/rezilla/assets/menu/stellarnav-min23c6.css]
[wptf.themepul.co/rezilla/wp-content/themes/rezilla/style23c6.css]
[wptf.themepul.co/rezilla/wp-content/uploads/elementor/css/post-508e004.css]
[wptf.themepul.co/rezilla/indexa5f2.html]
[wptf.themepul.co/rezilla/wp-content/themes/rezilla/assets/bootstrap/bootstrap-minf07d.css]
[wptf.themepul.co/rezilla/wp-content/themes/rezilla/assets/bootstrap/bootstrap-rtl-minf07d.css]
[wptf.themepul.co/rezilla/wp-content/themes/rezilla/assets/bootstrap/bootstrap-iconsf07d.css]
[wptf.themepul.co/rezilla/wp-content/themes/rezilla/assets/css/fontawesome-allf07d.css]
[wptf.themepul.co/rezilla/wp-content/themes/rezilla/assets/popup/magnific-popupf07d.css]
[wptf.themepul.co/rezilla/wp-content/themes/rezilla/assets/slick/slickf07d.css]
[wptf.themepul.co/rezilla/wp-content/themes/rezilla/assets/css/unitestf07d.css]
[wptf.themepul.co/rezilla/wp-content/themes/rezilla/assets/css/themef07d.css]
[wptf.themepul.co/rezilla/wp-content/themes/rezilla/assets/menu/stellarnav-minf07d.css]
[wptf.themepul.co/rezilla/wp-content/themes/rezilla/stylef07d.css]
[wptf.themepul.co/rezilla/wp-content/uploads/elementor/css/post-506eab1.css]
[wptf.themepul.co/rezilla/index8ce5.html]
[wptf.themepul.co/rezilla/wp-content/themes/rezilla/assets/bootstrap/bootstrap-min7a3f.css]
[wptf.themepul.co/rezilla/wp-content/themes/rezilla/assets/bootstrap/bootstrap-rtl-min7a3f.css]
[wptf.themepul.co/rezilla/wp-content/themes/rezilla/assets/bootstrap/bootstrap-icons7a3f.css]
[wptf.themepul.co/rezilla/wp-content/themes/rezilla/assets/css/fontawesome-all7a3f.css]
[wptf.themepul.co/rezilla/wp-content/themes/rezilla/assets/popup/magnific-popup7a3f.css]
[wptf.themepul.co/rezilla/wp-content/themes/rezilla/assets/slick/slick7a3f.css]
[wptf.themepul.co/rezilla/wp-content/themes/rezilla/assets/css/unitest7a3f.css]
[wptf.themepul.co/rezilla/wp-content/themes/rezilla/assets/css/theme7a3f.css]
[wptf.themepul.co/rezilla/wp-content/themes/rezilla/assets/menu/stellarnav-min7a3f.css]
[wptf.themepul.co/rezilla/wp-content/themes/rezilla/style7a3f.css]
[wptf.themepul.co/rezilla/wp-content/uploads/elementor/css/post-5045063.css]
[wptf.themepul.co/rezilla/indexbc6e.html]
[wptf.themepul.co/rezilla/wp-content/themes/rezilla/assets/bootstrap/bootstrap-minc42c.css]
[wptf.themepul.co/rezilla/wp-content/themes/rezilla/assets/bootstrap/bootstrap-rtl-minc42c.css]
[wptf.themepul.co/rezilla/wp-content/themes/rezilla/assets/bootstrap/bootstrap-iconsc42c.css]
[wptf.themepul.co/rezilla/wp-content/themes/rezilla/assets/css/fontawesome-allc42c.css]
[wptf.themepul.co/rezilla/wp-content/themes/rezilla/assets/popup/magnific-popupc42c.css]
[wptf.themepul.co/rezilla/wp-content/themes/rezilla/assets/slick/slickc42c.css]
[wptf.themepul.co/rezilla/wp-content/themes/rezilla/assets/css/unitestc42c.css]
[wptf.themepul.co/rezilla/wp-content/themes/rezilla/assets/css/themec42c.css]
[wptf.themepul.co/rezilla/wp-content/themes/rezilla/assets/menu/stellarnav-minc42c.css]
[wptf.themepul.co/rezilla/wp-content/themes/rezilla/stylec42c.css]
[wptf.themepul.co/rezilla/indexcbb6.html]
[wptf.themepul.co/rezilla/wp-content/plugins/elementor/assets/lib/font-awesome/webfonts/fa-regular-400.svg]
[wptf.themepul.co/rezilla/wp-content/themes/rezilla/assets/bootstrap/bootstrap-min1041.css]
[wptf.themepul.co/rezilla/wp-content/themes/rezilla/assets/bootstrap/bootstrap-rtl-min1041.css]
[wptf.themepul.co/rezilla/wp-content/themes/rezilla/assets/bootstrap/bootstrap-icons1041.css]
[wptf.themepul.co/rezilla/wp-content/themes/rezilla/assets/css/fontawesome-all1041.css]
[wptf.themepul.co/rezilla/wp-content/themes/rezilla/assets/popup/magnific-popup1041.css]
[wptf.themepul.co/rezilla/wp-content/themes/rezilla/assets/slick/slick1041.css]
[wptf.themepul.co/rezilla/wp-content/themes/rezilla/assets/css/unitest1041.css]
[wptf.themepul.co/rezilla/wp-content/themes/rezilla/assets/css/theme1041.css]
[wptf.themepul.co/rezilla/wp-content/themes/rezilla/assets/menu/stellarnav-min1041.css]
[wptf.themepul.co/rezilla/wp-content/themes/rezilla/style1041.css]
[wptf.themepul.co/rezilla/wp-content/uploads/elementor/css/post-3993c79.css]
[wptf.themepul.co/rezilla/index0945.html]
[wptf.themepul.co/rezilla/wp-content/themes/rezilla/assets/bootstrap/bootstrap-minb495.css]
[wptf.themepul.co/rezilla/wp-content/themes/rezilla/assets/bootstrap/bootstrap-rtl-minb495.css]
[wptf.themepul.co/rezilla/wp-content/themes/rezilla/assets/bootstrap/bootstrap-iconsb495.css]
[wptf.themepul.co/rezilla/wp-content/themes/rezilla/assets/css/fontawesome-allb495.css]
[wptf.themepul.co/rezilla/wp-content/themes/rezilla/assets/popup/magnific-popupb495.css]
[wptf.themepul.co/rezilla/wp-content/themes/rezilla/assets/slick/slickb495.css]
[wptf.themepul.co/rezilla/wp-content/themes/rezilla/assets/css/unitestb495.css]
[wptf.themepul.co/rezilla/wp-content/themes/rezilla/assets/css/themeb495.css]
[wptf.themepul.co/rezilla/wp-content/themes/rezilla/assets/menu/stellarnav-minb495.css]
[wptf.themepul.co/rezilla/wp-content/themes/rezilla/styleb495.css]
[wptf.themepul.co/rezilla/wp-content/uploads/elementor/css/post-478778e.css]
[wptf.themepul.co/rezilla/index50ba.html]
[wptf.themepul.co/rezilla/wp-content/themes/rezilla/assets/bootstrap/bootstrap-minf57e.css]
[wptf.themepul.co/rezilla/wp-content/themes/rezilla/assets/bootstrap/bootstrap-rtl-minf57e.css]
[wptf.themepul.co/rezilla/wp-content/themes/rezilla/assets/bootstrap/bootstrap-iconsf57e.css]
[wptf.themepul.co/rezilla/wp-content/themes/rezilla/assets/css/fontawesome-allf57e.css]
[wptf.themepul.co/rezilla/wp-content/themes/rezilla/assets/popup/magnific-popupf57e.css]
[wptf.themepul.co/rezilla/wp-content/themes/rezilla/assets/slick/slickf57e.css]
[wptf.themepul.co/rezilla/wp-content/themes/rezilla/assets/css/unitestf57e.css]
[wptf.themepul.co/rezilla/wp-content/themes/rezilla/assets/css/themef57e.css]
[wptf.themepul.co/rezilla/wp-content/themes/rezilla/assets/menu/stellarnav-minf57e.css]
[wptf.themepul.co/rezilla/wp-content/themes/rezilla/stylef57e.css]
[wptf.themepul.co/rezilla/wp-content/uploads/elementor/css/post-4892745.css]
[wptf.themepul.co/rezilla/indexb645.html]
[wptf.themepul.co/rezilla/wp-content/uploads/elementor/css/post-493ced5.css]
[wptf.themepul.co/rezilla/index7255.html]
[wptf.themepul.co/rezilla/wp-content/themes/rezilla/assets/bootstrap/bootstrap-minf591.css]
[wptf.themepul.co/rezilla/wp-content/themes/rezilla/assets/bootstrap/bootstrap-rtl-minf591.css]
[wptf.themepul.co/rezilla/wp-content/themes/rezilla/assets/bootstrap/bootstrap-iconsf591.css]
[wptf.themepul.co/rezilla/wp-content/themes/rezilla/assets/css/fontawesome-allf591.css]
[wptf.themepul.co/rezilla/wp-content/themes/rezilla/assets/popup/magnific-popupf591.css]
[wptf.themepul.co/rezilla/wp-content/themes/rezilla/assets/slick/slickf591.css]
[wptf.themepul.co/rezilla/wp-content/themes/rezilla/assets/css/unitestf591.css]
[wptf.themepul.co/rezilla/wp-content/themes/rezilla/assets/css/themef591.css]
[wptf.themepul.co/rezilla/wp-content/themes/rezilla/assets/menu/stellarnav-minf591.css]
[wptf.themepul.co/rezilla/wp-content/themes/rezilla/stylef591.css]
[wptf.themepul.co/rezilla/wp-content/uploads/elementor/css/post-501c276.css]
[wptf.themepul.co/rezilla/indexc508.html]
[wptf.themepul.co/rezilla/wp-content/themes/rezilla/assets/bootstrap/bootstrap-min07fd.css]
[wptf.themepul.co/rezilla/wp-content/themes/rezilla/assets/bootstrap/bootstrap-rtl-min07fd.css]
[wptf.themepul.co/rezilla/wp-content/themes/rezilla/assets/bootstrap/bootstrap-icons07fd.css]
[wptf.themepul.co/rezilla/wp-content/themes/rezilla/assets/css/fontawesome-all07fd.css]
[wptf.themepul.co/rezilla/wp-content/themes/rezilla/assets/popup/magnific-popup07fd.css]
[wptf.themepul.co/rezilla/wp-content/themes/rezilla/assets/slick/slick07fd.css]
[wptf.themepul.co/rezilla/wp-content/themes/rezilla/assets/css/unitest07fd.css]
[wptf.themepul.co/rezilla/wp-content/themes/rezilla/assets/css/theme07fd.css]
[wptf.themepul.co/rezilla/wp-content/themes/rezilla/assets/menu/stellarnav-min07fd.css]
[wptf.themepul.co/rezilla/wp-content/themes/rezilla/style07fd.css]
[wptf.themepul.co/rezilla/indexb93f.html]
[wptf.themepul.co/rezilla/category/exodus/feed/index.html]
[wptf.themepul.co/rezilla/wp-json/wp/v2/categories/33.json]
[wptf.themepul.co/rezilla/wp-content/themes/rezilla/assets/bootstrap/popper-min2794.js]
[wptf.themepul.co/rezilla/wp-content/themes/rezilla/assets/bootstrap/bootstrap-min2794.js]
[wptf.themepul.co/rezilla/wp-content/themes/rezilla/assets/popup/jquery-magnific-popup-min2794.js]
[wptf.themepul.co/rezilla/wp-content/themes/rezilla/assets/menu/stellarnav-min2794.js]
[wptf.themepul.co/rezilla/wp-content/themes/rezilla/assets/slick/slick-min2794.js]
[wptf.themepul.co/rezilla/wp-content/themes/rezilla/assets/js/theme2794.js]
[wptf.themepul.co/rezilla/category/exodus/index.html]
[wptf.themepul.co/rezilla/index0d0b.html]
[wptf.themepul.co/rezilla/wp-content/themes/rezilla/assets/bootstrap/bootstrap-mined3d.css]
[wptf.themepul.co/rezilla/wp-content/themes/rezilla/assets/bootstrap/bootstrap-rtl-mined3d.css]
[wptf.themepul.co/rezilla/wp-content/themes/rezilla/assets/bootstrap/bootstrap-iconsed3d.css]
[wptf.themepul.co/rezilla/wp-content/themes/rezilla/assets/css/fontawesome-alled3d.css]
[wptf.themepul.co/rezilla/wp-content/themes/rezilla/assets/popup/magnific-popuped3d.css]
[wptf.themepul.co/rezilla/wp-content/themes/rezilla/assets/slick/slicked3d.css]
[wptf.themepul.co/rezilla/wp-content/themes/rezilla/assets/css/unitested3d.css]
[wptf.themepul.co/rezilla/wp-content/themes/rezilla/assets/css/themeed3d.css]
[wptf.themepul.co/rezilla/wp-content/themes/rezilla/assets/menu/stellarnav-mined3d.css]
[wptf.themepul.co/rezilla/wp-content/themes/rezilla/styleed3d.css]
[wptf.themepul.co/rezilla/wp-content/themes/rezilla/assets/bootstrap/bootstrap-min540e.css]
[wptf.themepul.co/rezilla/wp-content/themes/rezilla/assets/bootstrap/bootstrap-rtl-min540e.css]
[wptf.themepul.co/rezilla/wp-content/themes/rezilla/assets/bootstrap/bootstrap-icons540e.css]
[wptf.themepul.co/rezilla/wp-content/themes/rezilla/assets/css/fontawesome-all540e.css]
[wptf.themepul.co/rezilla/wp-content/themes/rezilla/assets/popup/magnific-popup540e.css]
[wptf.themepul.co/rezilla/wp-content/themes/rezilla/assets/slick/slick540e.css]
[wptf.themepul.co/rezilla/wp-content/themes/rezilla/assets/css/unitest540e.css]
[wptf.themepul.co/rezilla/wp-content/themes/rezilla/assets/css/theme540e.css]
[wptf.themepul.co/rezilla/wp-content/themes/rezilla/assets/menu/stellarnav-min540e.css]
[wptf.themepul.co/rezilla/wp-content/themes/rezilla/style540e.css]
[wptf.themepul.co/rezilla/wp-content/themes/rezilla/assets/bootstrap/bootstrap-minc714.css]
[wptf.themepul.co/rezilla/wp-content/themes/rezilla/assets/bootstrap/bootstrap-rtl-minc714.css]
[wptf.themepul.co/rezilla/wp-content/themes/rezilla/assets/bootstrap/bootstrap-iconsc714.css]
[wptf.themepul.co/rezilla/wp-content/themes/rezilla/assets/css/fontawesome-allc714.css]
[wptf.themepul.co/rezilla/wp-content/themes/rezilla/assets/popup/magnific-popupc714.css]
[wptf.themepul.co/rezilla/wp-content/themes/rezilla/assets/slick/slickc714.css]
[wptf.themepul.co/rezilla/wp-content/themes/rezilla/assets/css/unitestc714.css]
[wptf.themepul.co/rezilla/wp-content/themes/rezilla/assets/css/themec714.css]
[wptf.themepul.co/rezilla/wp-content/themes/rezilla/assets/menu/stellarnav-minc714.css]
[wptf.themepul.co/rezilla/wp-content/themes/rezilla/stylec714.css]
[wptf.themepul.co/rezilla/wp-content/themes/rezilla/assets/bootstrap/bootstrap-mincb8e.css]
[wptf.themepul.co/rezilla/wp-content/themes/rezilla/assets/bootstrap/bootstrap-rtl-mincb8e.css]
[wptf.themepul.co/rezilla/wp-content/themes/rezilla/assets/bootstrap/bootstrap-iconscb8e.css]
[wptf.themepul.co/rezilla/wp-content/themes/rezilla/assets/css/fontawesome-allcb8e.css]
[wptf.themepul.co/rezilla/wp-content/themes/rezilla/assets/popup/magnific-popupcb8e.css]
[wptf.themepul.co/rezilla/wp-content/themes/rezilla/assets/slick/slickcb8e.css]
[wptf.themepul.co/rezilla/wp-content/themes/rezilla/assets/css/unitestcb8e.css]
[wptf.themepul.co/rezilla/wp-content/themes/rezilla/assets/css/themecb8e.css]
[wptf.themepul.co/rezilla/wp-content/themes/rezilla/assets/menu/stellarnav-mincb8e.css]
[wptf.themepul.co/rezilla/wp-content/themes/rezilla/stylecb8e.css]
[wptf.themepul.co/rezilla/wp-content/themes/rezilla/assets/bootstrap/bootstrap-min6351.css]
[wptf.themepul.co/rezilla/wp-content/themes/rezilla/assets/bootstrap/bootstrap-rtl-min6351.css]
[wptf.themepul.co/rezilla/wp-content/themes/rezilla/assets/bootstrap/bootstrap-icons6351.css]
[wptf.themepul.co/rezilla/wp-content/themes/rezilla/assets/css/fontawesome-all6351.css]
[wptf.themepul.co/rezilla/wp-content/themes/rezilla/assets/popup/magnific-popup6351.css]
[wptf.themepul.co/rezilla/wp-content/themes/rezilla/assets/slick/slick6351.css]
[wptf.themepul.co/rezilla/wp-content/themes/rezilla/assets/css/unitest6351.css]
[wptf.themepul.co/rezilla/wp-content/themes/rezilla/assets/css/theme6351.css]
[wptf.themepul.co/rezilla/wp-content/themes/rezilla/assets/menu/stellarnav-min6351.css]
[wptf.themepul.co/rezilla/wp-content/themes/rezilla/style6351.css]
[wptf.themepul.co/rezilla/wp-content/themes/rezilla/assets/bootstrap/bootstrap-mine502.css]
[wptf.themepul.co/rezilla/wp-content/themes/rezilla/assets/bootstrap/bootstrap-rtl-mine502.css]
[wptf.themepul.co/rezilla/wp-content/themes/rezilla/assets/bootstrap/bootstrap-iconse502.css]
[wptf.themepul.co/rezilla/wp-content/themes/rezilla/assets/css/fontawesome-alle502.css]
[wptf.themepul.co/rezilla/wp-content/themes/rezilla/assets/popup/magnific-popupe502.css]
[wptf.themepul.co/rezilla/wp-content/themes/rezilla/assets/slick/slicke502.css]
[wptf.themepul.co/rezilla/wp-content/themes/rezilla/assets/css/uniteste502.css]
[wptf.themepul.co/rezilla/wp-content/themes/rezilla/assets/css/themee502.css]
[wptf.themepul.co/rezilla/wp-content/themes/rezilla/assets/menu/stellarnav-mine502.css]
[wptf.themepul.co/rezilla/wp-content/themes/rezilla/stylee502.css]
[wptf.themepul.co/rezilla/wp-content/themes/rezilla/assets/bootstrap/bootstrap-min6258.css]
[wptf.themepul.co/rezilla/wp-content/themes/rezilla/assets/bootstrap/bootstrap-rtl-min6258.css]
[wptf.themepul.co/rezilla/wp-content/themes/rezilla/assets/bootstrap/bootstrap-icons6258.css]
[wptf.themepul.co/rezilla/wp-content/themes/rezilla/assets/css/fontawesome-all6258.css]
[wptf.themepul.co/rezilla/wp-content/themes/rezilla/assets/popup/magnific-popup6258.css]
[wptf.themepul.co/rezilla/wp-content/themes/rezilla/assets/slick/slick6258.css]
[wptf.themepul.co/rezilla/wp-content/themes/rezilla/assets/css/unitest6258.css]
[wptf.themepul.co/rezilla/wp-content/themes/rezilla/assets/css/theme6258.css]
[wptf.themepul.co/rezilla/wp-content/themes/rezilla/assets/menu/stellarnav-min6258.css]
[wptf.themepul.co/rezilla/wp-content/themes/rezilla/style6258.css]
[wptf.themepul.co/rezilla/wp-content/themes/rezilla/assets/bootstrap/bootstrap-mincd50.css]
[wptf.themepul.co/rezilla/wp-content/themes/rezilla/assets/bootstrap/bootstrap-rtl-mincd50.css]
[wptf.themepul.co/rezilla/wp-content/themes/rezilla/assets/bootstrap/bootstrap-iconscd50.css]
[wptf.themepul.co/rezilla/wp-content/themes/rezilla/assets/css/fontawesome-allcd50.css]
[wptf.themepul.co/rezilla/wp-content/themes/rezilla/assets/popup/magnific-popupcd50.css]
[wptf.themepul.co/rezilla/wp-content/themes/rezilla/assets/slick/slickcd50.css]
[wptf.themepul.co/rezilla/wp-content/themes/rezilla/assets/css/unitestcd50.css]
[wptf.themepul.co/rezilla/wp-content/themes/rezilla/assets/css/themecd50.css]
[wptf.themepul.co/rezilla/wp-content/themes/rezilla/assets/menu/stellarnav-mincd50.css]
[wptf.themepul.co/rezilla/wp-content/themes/rezilla/stylecd50.css]
[wptf.themepul.co/rezilla/wp-content/themes/rezilla/assets/bootstrap/bootstrap-mindbc5.css]
[wptf.themepul.co/rezilla/wp-content/themes/rezilla/assets/bootstrap/bootstrap-rtl-mindbc5.css]
[wptf.themepul.co/rezilla/wp-content/themes/rezilla/assets/bootstrap/bootstrap-iconsdbc5.css]
[wptf.themepul.co/rezilla/wp-content/themes/rezilla/assets/css/fontawesome-alldbc5.css]
[wptf.themepul.co/rezilla/wp-content/themes/rezilla/assets/popup/magnific-popupdbc5.css]
[wptf.themepul.co/rezilla/wp-content/themes/rezilla/assets/slick/slickdbc5.css]
[wptf.themepul.co/rezilla/wp-content/themes/rezilla/assets/css/unitestdbc5.css]
[wptf.themepul.co/rezilla/wp-content/themes/rezilla/assets/css/themedbc5.css]
[wptf.themepul.co/rezilla/wp-content/themes/rezilla/assets/menu/stellarnav-mindbc5.css]
[wptf.themepul.co/rezilla/wp-content/themes/rezilla/styledbc5.css]
[wptf.themepul.co/rezilla/wp-content/themes/rezilla/assets/bootstrap/bootstrap-min8c49.css]
[wptf.themepul.co/rezilla/wp-content/themes/rezilla/assets/bootstrap/bootstrap-rtl-min8c49.css]
[wptf.themepul.co/rezilla/wp-content/themes/rezilla/assets/bootstrap/bootstrap-icons8c49.css]
[wptf.themepul.co/rezilla/wp-content/themes/rezilla/assets/css/fontawesome-all8c49.css]
[wptf.themepul.co/rezilla/wp-content/themes/rezilla/assets/popup/magnific-popup8c49.css]
[wptf.themepul.co/rezilla/wp-content/themes/rezilla/assets/slick/slick8c49.css]
[wptf.themepul.co/rezilla/wp-content/themes/rezilla/assets/css/unitest8c49.css]
[wptf.themepul.co/rezilla/wp-content/themes/rezilla/assets/css/theme8c49.css]
[wptf.themepul.co/rezilla/wp-content/themes/rezilla/assets/menu/stellarnav-min8c49.css]
[wptf.themepul.co/rezilla/wp-content/themes/rezilla/style8c49.css]
[wptf.themepul.co/rezilla/wp-includes/fonts/dashicons7d4b.eot]
[wptf.themepul.co/rezilla/wp-includes/fonts/dashicons7d4b.ttf]
[wptf.themepul.co/rezilla/wp-includes/css/dashicons.min84fc.css]
[wptf.themepul.co/rezilla/wp-includes/css/buttons.min84fc.css]
[wptf.themepul.co/rezilla/wp-admin/images/loading.gif]
[wptf.themepul.co/rezilla/wp-admin/css/forms.min84fc.css]
[wptf.themepul.co/rezilla/wp-admin/css/l10n.min84fc.css]
[wptf.themepul.co/rezilla/wp-admin/images/w-logo-blue7a53.png]
[wptf.themepul.co/rezilla/wp-admin/css/login.min84fc.css]
[wptf.themepul.co/rezilla/wp-loginc2b6.html]
[wptf.themepul.co/rezilla/wp-content/themes/rezilla/assets/bootstrap/bootstrap-min9226.css]
[wptf.themepul.co/rezilla/wp-content/themes/rezilla/assets/bootstrap/bootstrap-rtl-min9226.css]
[wptf.themepul.co/rezilla/wp-content/themes/rezilla/assets/bootstrap/bootstrap-icons9226.css]
[wptf.themepul.co/rezilla/wp-content/themes/rezilla/assets/css/fontawesome-all9226.css]
[wptf.themepul.co/rezilla/wp-content/themes/rezilla/assets/popup/magnific-popup9226.css]
[wptf.themepul.co/rezilla/wp-content/themes/rezilla/assets/slick/slick9226.css]
[wptf.themepul.co/rezilla/wp-content/themes/rezilla/assets/css/unitest9226.css]
[wptf.themepul.co/rezilla/wp-content/themes/rezilla/assets/css/theme9226.css]
[wptf.themepul.co/rezilla/wp-content/themes/rezilla/assets/menu/stellarnav-min9226.css]
[wptf.themepul.co/rezilla/wp-content/themes/rezilla/style9226.css]
[wptf.themepul.co/rezilla/wp-content/themes/rezilla/assets/bootstrap/bootstrap-min9995.css]
[wptf.themepul.co/rezilla/wp-content/themes/rezilla/assets/bootstrap/bootstrap-rtl-min9995.css]
[wptf.themepul.co/rezilla/wp-content/themes/rezilla/assets/bootstrap/bootstrap-icons9995.css]
[wptf.themepul.co/rezilla/wp-content/themes/rezilla/assets/css/fontawesome-all9995.css]
[wptf.themepul.co/rezilla/wp-content/themes/rezilla/assets/popup/magnific-popup9995.css]
[wptf.themepul.co/rezilla/wp-content/themes/rezilla/assets/slick/slick9995.css]
[wptf.themepul.co/rezilla/wp-content/themes/rezilla/assets/css/unitest9995.css]
[wptf.themepul.co/rezilla/wp-content/themes/rezilla/assets/css/theme9995.css]
[wptf.themepul.co/rezilla/wp-content/themes/rezilla/assets/menu/stellarnav-min9995.css]
[wptf.themepul.co/rezilla/wp-content/themes/rezilla/style9995.css]
[wptf.themepul.co/rezilla/wp-content/themes/rezilla/assets/bootstrap/bootstrap-min5069.css]
[wptf.themepul.co/rezilla/wp-content/themes/rezilla/assets/bootstrap/bootstrap-rtl-min5069.css]
[wptf.themepul.co/rezilla/wp-content/themes/rezilla/assets/bootstrap/bootstrap-icons5069.css]
[wptf.themepul.co/rezilla/wp-content/themes/rezilla/assets/css/fontawesome-all5069.css]
[wptf.themepul.co/rezilla/wp-content/themes/rezilla/assets/popup/magnific-popup5069.css]
[wptf.themepul.co/rezilla/wp-content/themes/rezilla/assets/slick/slick5069.css]
[wptf.themepul.co/rezilla/wp-content/themes/rezilla/assets/css/unitest5069.css]
[wptf.themepul.co/rezilla/wp-content/themes/rezilla/assets/css/theme5069.css]
[wptf.themepul.co/rezilla/wp-content/themes/rezilla/assets/menu/stellarnav-min5069.css]
[wptf.themepul.co/rezilla/wp-content/themes/rezilla/style5069.css]
[wptf.themepul.co/rezilla/wp-content/themes/rezilla/assets/bootstrap/bootstrap-mine0b1.css]
[wptf.themepul.co/rezilla/wp-content/themes/rezilla/assets/bootstrap/bootstrap-rtl-mine0b1.css]
[wptf.themepul.co/rezilla/wp-content/themes/rezilla/assets/bootstrap/bootstrap-iconse0b1.css]
[wptf.themepul.co/rezilla/wp-content/themes/rezilla/assets/css/fontawesome-alle0b1.css]
[wptf.themepul.co/rezilla/wp-content/themes/rezilla/assets/popup/magnific-popupe0b1.css]
[wptf.themepul.co/rezilla/wp-content/themes/rezilla/assets/slick/slicke0b1.css]
[wptf.themepul.co/rezilla/wp-content/themes/rezilla/assets/css/uniteste0b1.css]
[wptf.themepul.co/rezilla/wp-content/themes/rezilla/assets/css/themee0b1.css]
[wptf.themepul.co/rezilla/wp-content/themes/rezilla/assets/menu/stellarnav-mine0b1.css]
[wptf.themepul.co/rezilla/wp-content/themes/rezilla/stylee0b1.css]
[wptf.themepul.co/rezilla/wp-content/themes/rezilla/assets/bootstrap/bootstrap-minf52d.css]
[wptf.themepul.co/rezilla/wp-content/themes/rezilla/assets/bootstrap/bootstrap-rtl-minf52d.css]
[wptf.themepul.co/rezilla/wp-content/themes/rezilla/assets/bootstrap/bootstrap-iconsf52d.css]
[wptf.themepul.co/rezilla/wp-content/themes/rezilla/assets/css/fontawesome-allf52d.css]
[wptf.themepul.co/rezilla/wp-content/themes/rezilla/assets/popup/magnific-popupf52d.css]
[wptf.themepul.co/rezilla/wp-content/themes/rezilla/assets/slick/slickf52d.css]
[wptf.themepul.co/rezilla/wp-content/themes/rezilla/assets/css/unitestf52d.css]
[wptf.themepul.co/rezilla/wp-content/themes/rezilla/assets/css/themef52d.css]
[wptf.themepul.co/rezilla/wp-content/themes/rezilla/assets/menu/stellarnav-minf52d.css]
[wptf.themepul.co/rezilla/wp-content/themes/rezilla/stylef52d.css]
[wptf.themepul.co/rezilla/wp-content/themes/rezilla/assets/bootstrap/bootstrap-min2794.css]
[wptf.themepul.co/rezilla/wp-content/themes/rezilla/assets/bootstrap/bootstrap-rtl-min2794.css]
[wptf.themepul.co/rezilla/wp-content/themes/rezilla/assets/bootstrap/bootstrap-icons2794.css]
[wptf.themepul.co/rezilla/wp-content/themes/rezilla/assets/css/fontawesome-all2794.css]
[wptf.themepul.co/rezilla/wp-content/themes/rezilla/assets/popup/magnific-popup2794.css]
[wptf.themepul.co/rezilla/wp-content/themes/rezilla/assets/slick/slick2794.css]
[wptf.themepul.co/rezilla/wp-content/themes/rezilla/assets/css/unitest2794.css]
[wptf.themepul.co/rezilla/wp-content/themes/rezilla/assets/css/theme2794.css]
[wptf.themepul.co/rezilla/wp-content/themes/rezilla/assets/menu/stellarnav-min2794.css]
[wptf.themepul.co/rezilla/wp-content/themes/rezilla/style2794.css]
[wptf.themepul.co/rezilla/wp-admin/images/wordpress-logo7d6b.svg]
